Component: ARM Compiler 5.06 update 6 (build 750) Tool: armlink [4d35ed]

==============================================================================

Section Cross References

    startup_stm32f103xb.o(STACK) refers (Special) to heapauxi.o(.text) for __use_two_region_memory
    startup_stm32f103xb.o(HEAP) refers (Special) to heapauxi.o(.text) for __use_two_region_memory
    startup_stm32f103xb.o(RESET) refers (Special) to heapauxi.o(.text) for __use_two_region_memory
    startup_stm32f103xb.o(RESET) refers to startup_stm32f103xb.o(STACK) for __initial_sp
    startup_stm32f103xb.o(RESET) refers to startup_stm32f103xb.o(.text) for Reset_Handler
    startup_stm32f103xb.o(RESET) refers to stm32f1xx_it.o(i.NMI_Handler) for NMI_Handler
    startup_stm32f103xb.o(RESET) refers to stm32f1xx_it.o(i.HardFault_Handler) for HardFault_Handler
    startup_stm32f103xb.o(RESET) refers to stm32f1xx_it.o(i.MemManage_Handler) for MemManage_Handler
    startup_stm32f103xb.o(RESET) refers to stm32f1xx_it.o(i.BusFault_Handler) for BusFault_Handler
    startup_stm32f103xb.o(RESET) refers to stm32f1xx_it.o(i.UsageFault_Handler) for UsageFault_Handler
    startup_stm32f103xb.o(RESET) refers to port.o(.emb_text) for SVC_Handler
    startup_stm32f103xb.o(RESET) refers to stm32f1xx_it.o(i.DebugMon_Handler) for DebugMon_Handler
    startup_stm32f103xb.o(RESET) refers to port.o(i.SysTick_Handler) for SysTick_Handler
    startup_stm32f103xb.o(RESET) refers to stm32f1xx_it.o(i.DMA1_Channel1_IRQHandler) for DMA1_Channel1_IRQHandler
    startup_stm32f103xb.o(RESET) refers to stm32f1xx_it.o(i.DMA1_Channel2_IRQHandler) for DMA1_Channel2_IRQHandler
    startup_stm32f103xb.o(RESET) refers to stm32f1xx_it.o(i.DMA1_Channel3_IRQHandler) for DMA1_Channel3_IRQHandler
    startup_stm32f103xb.o(RESET) refers to stm32f1xx_it.o(i.TIM1_UP_IRQHandler) for TIM1_UP_IRQHandler
    startup_stm32f103xb.o(RESET) refers to stm32f1xx_it.o(i.USART3_IRQHandler) for USART3_IRQHandler
    startup_stm32f103xb.o(.text) refers (Special) to heapauxi.o(.text) for __use_two_region_memory
    startup_stm32f103xb.o(.text) refers to system_stm32f1xx.o(i.SystemInit) for SystemInit
    startup_stm32f103xb.o(.text) refers to __main.o(!!!main) for __main
    startup_stm32f103xb.o(.text) refers to startup_stm32f103xb.o(HEAP) for Heap_Mem
    startup_stm32f103xb.o(.text) refers to startup_stm32f103xb.o(STACK) for Stack_Mem
    io_signal.o(i.Io_Analog_Handle) refers to mdrtuslave.o(.data) for mdhandler
    io_signal.o(i.Io_Digital_Input) refers to stm32f1xx_hal_gpio.o(i.HAL_GPIO_ReadPin) for HAL_GPIO_ReadPin
    io_signal.o(i.Io_Digital_Input) refers to mdrtuslave.o(.data) for mdhandler
    io_signal.o(i.Io_Digital_Output) refers to stm32f1xx_hal_gpio.o(i.HAL_GPIO_WritePin) for HAL_GPIO_WritePin
    io_signal.o(i.Io_Digital_Output) refers to mdrtuslave.o(.data) for mdhandler
    l101.o(i.Set_BitFrame) refers to l101.o(i.Get_Crc16) for Get_Crc16
    l101.o(i.Set_BitFrame) refers to mdrtuslave.o(.data) for mdhandler
    l101.o(i.Set_L101_FactoryMode) refers to stm32f1xx_hal_gpio.o(i.HAL_GPIO_WritePin) for HAL_GPIO_WritePin
    l101.o(i.Set_L101_FactoryMode) refers to cmsis_os.o(i.osDelay) for osDelay
    l101.o(.data) refers to l101.o(i.Set_BitFrame) for Set_BitFrame
    main.o(i.HAL_TIM_PeriodElapsedCallback) refers to stm32f1xx_hal.o(i.HAL_IncTick) for HAL_IncTick
    main.o(i.SystemClock_Config) refers to rt_memclr_w.o(.text) for __aeabi_memclr4
    main.o(i.SystemClock_Config) refers to stm32f1xx_hal_rcc.o(i.HAL_RCC_OscConfig) for HAL_RCC_OscConfig
    main.o(i.SystemClock_Config) refers to main.o(i.Error_Handler) for Error_Handler
    main.o(i.SystemClock_Config) refers to stm32f1xx_hal_rcc.o(i.HAL_RCC_ClockConfig) for HAL_RCC_ClockConfig
    main.o(i.SystemClock_Config) refers to stm32f1xx_hal_rcc_ex.o(i.HAL_RCCEx_PeriphCLKConfig) for HAL_RCCEx_PeriphCLKConfig
    main.o(i.main) refers to stm32f1xx_hal.o(i.HAL_Init) for HAL_Init
    main.o(i.main) refers to main.o(i.SystemClock_Config) for SystemClock_Config
    main.o(i.main) refers to gpio.o(i.MX_GPIO_Init) for MX_GPIO_Init
    main.o(i.main) refers to dma.o(i.MX_DMA_Init) for MX_DMA_Init
    main.o(i.main) refers to usart.o(i.MX_USART3_UART_Init) for MX_USART3_UART_Init
    main.o(i.main) refers to adc.o(i.MX_ADC1_Init) for MX_ADC1_Init
    main.o(i.main) refers to spi.o(i.MX_SPI2_Init) for MX_SPI2_Init
    main.o(i.main) refers to usart.o(i.MX_USART1_UART_Init) for MX_USART1_UART_Init
    main.o(i.main) refers to shell_port.o(i.User_Shell_Init) for User_Shell_Init
    main.o(i.main) refers to mdrtuslave.o(i.ModbusInit) for ModbusInit
    main.o(i.main) refers to stm32f1xx_hal_adc.o(i.HAL_ADC_Start_DMA) for HAL_ADC_Start_DMA
    main.o(i.main) refers to freertos.o(i.MX_FREERTOS_Init) for MX_FREERTOS_Init
    main.o(i.main) refers to cmsis_os.o(i.osKernelStart) for osKernelStart
    main.o(i.main) refers to adc.o(.bss) for Adc_buffer
[...]
    SysTick_Handler                          0x08004619   Thumb Code    46  port.o(i.SysTick_Handler)
    SystemClock_Config                       0x0800464d   Thumb Code   132  main.o(i.SystemClock_Config)
    SystemInit                               0x080046d1   Thumb Code     2  system_stm32f1xx.o(i.SystemInit)
    TIM1_UP_IRQHandler                       0x080046d5   Thumb Code    10  stm32f1xx_it.o(i.TIM1_UP_IRQHandler)
    TIM_Base_SetConfig                       0x080046e5   Thumb Code   104  stm32f1xx_hal_tim.o(i.TIM_Base_SetConfig)
    Timer_Callback                           0x08004759   Thumb Code    26  freertos.o(i.Timer_Callback)
    UART_Start_Receive_DMA                   0x08004af9   Thumb Code   138  stm32f1xx_hal_uart.o(i.UART_Start_Receive_DMA)
    USART3_IRQHandler                        0x08004c5d   Thumb Code   102  stm32f1xx_it.o(i.USART3_IRQHandler)
    UsageFault_Handler                       0x08004cd5   Thumb Code     4  stm32f1xx_it.o(i.UsageFault_Handler)
    User_Shell_Init                          0x08004cd9   Thumb Code    32  shell_port.o(i.User_Shell_Init)
    User_Shell_Read                          0x08004d11   Thumb Code    26  shell_port.o(i.User_Shell_Read)
    User_Shell_Write                         0x08004d31   Thumb Code    28  shell_port.o(i.User_Shell_Write)
    __ARM_fpclassify                         0x08004d51   Thumb Code    40  fpclassify.o(i.__ARM_fpclassify)
    _is_digit                                0x08004db1   Thumb Code    14  __printf_wp.o(i._is_digit)
    main                                     0x08004dd1   Thumb Code    62  main.o(i.main)
    mdClearReceiveBuffer                     0x08004e27   Thumb Code    20  mdrecbuffer.o(i.mdClearReceiveBuffer)
    mdCrc16                                  0x08004e3d   Thumb Code    46  mdcrc16.o(i.mdCrc16)
    mdCreateModbusRTUSlave                   0x08004e75   Thumb Code   226  mdrtuslave.o(i.mdCreateModbusRTUSlave)
    mdCreateReceiveBuffer                    0x08004f99   Thumb Code    36  mdrecbuffer.o(i.mdCreateReceiveBuffer)
    mdCreateRegisterPool                     0x08004ffd   Thumb Code   238  mdregpool.o(i.mdCreateRegisterPool)
    mdU16Swap                                0x08005b07   Thumb Code    30  mdrtuslave.o(i.mdU16Swap)
    osDelay                                  0x08005d73   Thumb Code    24  cmsis_os.o(i.osDelay)
    osKernelStart                            0x08005d8b   Thumb Code    10  cmsis_os.o(i.osKernelStart)
    osMutexCreate                            0x08005d95   Thumb Code    26  cmsis_os.o(i.osMutexCreate)
    osRecursiveMutexRelease                  0x08005daf   Thumb Code     6  cmsis_os.o(i.osRecursiveMutexRelease)
    osRecursiveMutexWait                     0x08005db5   Thumb Code     6  cmsis_os.o(i.osRecursiveMutexWait)
    osSemaphoreCreate                        0x08005dbb   Thumb Code    74  cmsis_os.o(i.osSemaphoreCreate)
    osSemaphoreRelease                       0x08005e05   Thumb Code    76  cmsis_os.o(i.osSemaphoreRelease)
    osSemaphoreWait                          0x08005e55   Thumb Code   100  cmsis_os.o(i.osSemaphoreWait)
    osThreadCreate                           0x08005ebd   Thumb Code    94  cmsis_os.o(i.osThreadCreate)
    osTimerCreate                            0x08005f1d   Thumb Code    72  cmsis_os.o(i.osTimerCreate)
    osTimerStart                             0x08005f69   Thumb Code   100  cmsis_os.o(i.osTimerStart)
    pvPortMalloc                             0x08006a79   Thumb Code   296  heap_4.o(i.pvPortMalloc)
    pvTaskIncrementMutexHeldCount            0x08006bb5   Thumb Code    26  tasks.o(i.pvTaskIncrementMutexHeldCount)
    pxPortInitialiseStack                    0x08006bd5   Thumb Code    30  port.o(i.pxPortInitialiseStack)
    shellBackspace                           0x08006c21   Thumb Code    14  shell.o(i.shellBackspace)
    shellCheckPermission                     0x08006c75   Thumb Code    54  shell.o(i.shellCheckPermission)
    shellClear                               0x08006cad   Thumb Code    22  shell.o(i.shellClear)
    shellClearCommandLine                    0x08006cc9   Thumb Code    40  shell.o(i.shellClearCommandLine)
    shellCmds                                0x08006cf1   Thumb Code    18  shell.o(i.shellCmds)
    shellDelete                              0x08006d03   Thumb Code    16  shell.o(i.shellDelete)
    shellDeleteByte                          0x08006d13   Thumb Code   218  shell.o(i.shellDeleteByte)
    shellDeleteCommandLine                   0x08006ded   Thumb Code    28  shell.o(i.shellDeleteCommandLine)
    shellDown                                0x08006e0d   Thumb Code    16  shell.o(i.shellDown)
    shellEnter                               0x08006e1d   Thumb Code    20  shell.o(i.shellEnter)
    shellExec                                0x08006e31   Thumb Code   108  shell.o(i.shellExec)
    shellExecute                             0x08006ea5   Thumb Code    74  shell.o(i.shellExecute)
    shellExtParsePara                        0x0800707f   Thumb Code    86  shell_ext.o(i.shellExtParsePara)
    shellExtRun                              0x08007143   Thumb Code   202  shell_ext.o(i.shellExtRun)
    shellGetCurrent                          0x080072c5   Thumb Code    48  shell.o(i.shellGetCurrent)
    shellGetVarValue                         0x080072f9   Thumb Code    84  shell.o(i.shellGetVarValue)
    shellHandler                             0x0800734d   Thumb Code   258  shell.o(i.shellHandler)
    shellHelp                                0x08007455   Thumb Code    44  shell.o(i.shellHelp)
    shellInit                                0x080075bd   Thumb Code   142  shell.o(i.shellInit)
    shellInsertByte                          0x08007659   Thumb Code   212  shell.o(i.shellInsertByte)
    shellKeys                                0x08007731   Thumb Code    18  shell.o(i.shellKeys)
    shellLeft                                0x08007743   Thumb Code    26  shell.o(i.shellLeft)
    shellListAll                             0x0800775d   Thumb Code    18  shell.o(i.shellListAll)
    shellListCommand                         0x08007771   Thumb Code    70  shell.o(i.shellListCommand)
    shellListItem                            0x080077bd   Thumb Code   238  shell.o(i.shellListItem)
    shellListKey                             0x080078b9   Thumb Code    84  shell.o(i.shellListKey)
    shellListUser                            0x08007911   Thumb Code    84  shell.o(i.shellListUser)
    shellListVar                             0x08007969   Thumb Code    84  shell.o(i.shellListVar)
    shellNormalInput                         0x080079c1   Thumb Code    28  shell.o(i.shellNormalInput)
    shellPrint                               0x08007a6b   Thumb Code    50  shell.o(i.shellPrint)
    shellRight                               0x08007b05   Thumb Code    30  shell.o(i.shellRight)
    shellRunCommand                          0x08007b23   Thumb Code   174  shell.o(i.shellRunCommand)
    shellSeekCommand                         0x08007bd1   Thumb Code   122  shell.o(i.shellSeekCommand)
    shellSetVar                              0x08007ca9   Thumb Code   106  shell.o(i.shellSetVar)
    shellSetVarValue                         0x08007d19   Thumb Code   140  shell.o(i.shellSetVarValue)
    shellTab                                 0x08007ead   Thumb Code   346  shell.o(i.shellTab)
    shellTask                                0x0800800d   Thumb Code    42  shell.o(i.shellTask)
    shellToDec                               0x08008037   Thumb Code    86  shell.o(i.shellToDec)
    shellToHex                               0x0800808d   Thumb Code    56  shell.o(i.shellToHex)
    shellUp                                  0x080080c5   Thumb Code    14  shell.o(i.shellUp)
    shellUsers                               0x080080d3   Thumb Code    18  shell.o(i.shellUsers)
    shellVars                                0x080080e5   Thumb Code    18  shell.o(i.shellVars)
    shellWriteString                         0x080082c1   Thumb Code    46  shell.o(i.shellWriteString)
    userShellLock                            0x080082f1   Thumb Code    20  shell_port.o(i.userShellLock)
    userShellUnlock                          0x08008309   Thumb Code    16  shell_port.o(i.userShellUnlock)
    uxListRemove                             0x0800831d   Thumb Code    40  list.o(i.uxListRemove)
    vApplicationGetIdleTaskMemory            0x08008345   Thumb Code    14  freertos.o(i.vApplicationGetIdleTaskMemory)
    vApplicationGetTimerTaskMemory           0x0800835d   Thumb Code    14  freertos.o(i.vApplicationGetTimerTaskMemory)
    vApplicationStackOverflowHook            0x08008375   Thumb Code    18  freertos.o(i.vApplicationStackOverflowHook)
    vListInitialise                          0x080083a5   Thumb Code    26  list.o(i.vListInitialise)
    vListInitialiseItem                      0x080083bf   Thumb Code     6  list.o(i.vListInitialiseItem)
    vListInsert                              0x080083c5   Thumb Code    52  list.o(i.vListInsert)
    vListInsertEnd                           0x080083f9   Thumb Code    24  list.o(i.vListInsertEnd)
    vPortEnterCritical                       0x08008411   Thumb Code    76  port.o(i.vPortEnterCritical)
    vPortExitCritical                        0x08008465   Thumb Code    56  port.o(i.vPortExitCritical)
    vPortFree                                0x080084a1   Thumb Code   140  heap_4.o(i.vPortFree)
    vPortSetupTimerInterrupt                 0x08008535   Thumb Code    36  port.o(i.vPortSetupTimerInterrupt)
    vPortValidateInterruptPriority           0x0800855d   Thumb Code   106  port.o(i.vPortValidateInterruptPriority)
    vQueueAddToRegistry                      0x080085d5   Thumb Code    38  queue.o(i.vQueueAddToRegistry)
    vQueueWaitForMessageRestricted           0x08008601   Thumb Code    74  queue.o(i.vQueueWaitForMessageRestricted)
    vTaskDelay                               0x0800864d   Thumb Code    82  tasks.o(i.vTaskDelay)
    vTaskInternalSetTimeOutState             0x080086a9   Thumb Code    14  tasks.o(i.vTaskInternalSetTimeOutState)
    vTaskMissedYield                         0x080086c1   Thumb Code     8  tasks.o(i.vTaskMissedYield)
    vTaskPlaceOnEventList                    0x080086cd   Thumb Code    52  tasks.o(i.vTaskPlaceOnEventList)
    vTaskPlaceOnEventListRestricted          0x08008705   Thumb Code    60  tasks.o(i.vTaskPlaceOnEventListRestricted)
    vTaskPriorityDisinheritAfterTimeout      0x08008745   Thumb Code   230  tasks.o(i.vTaskPriorityDisinheritAfterTimeout)
    vTaskStartScheduler                      0x08008839   Thumb Code   156  tasks.o(i.vTaskStartScheduler)
    vTaskSuspendAll                          0x080088f1   Thumb Code    12  tasks.o(i.vTaskSuspendAll)
    vTaskSwitchContext                       0x08008901   Thumb Code   174  tasks.o(i.vTaskSwitchContext)
    xPortStartScheduler                      0x080089c5   Thumb Code   228  port.o(i.xPortStartScheduler)
    xQueueCreateMutex                        0x08008abd   Thumb Code    34  queue.o(i.xQueueCreateMutex)
    xQueueCreateMutexStatic                  0x08008adf   Thumb Code    42  queue.o(i.xQueueCreateMutexStatic)
    xQueueGenericCreate                      0x08008b09   Thumb Code    94  queue.o(i.xQueueGenericCreate)
    xQueueGenericCreateStatic                0x08008b67   Thumb Code   222  queue.o(i.xQueueGenericCreateStatic)
    xQueueGenericReset                       0x08008c45   Thumb Code   146  queue.o(i.xQueueGenericReset)
    xQueueGenericSend                        0x08008cdd   Thumb Code   420  queue.o(i.xQueueGenericSend)
    xQueueGenericSendFromISR                 0x08008e85   Thumb Code   248  queue.o(i.xQueueGenericSendFromISR)
    xQueueGiveFromISR                        0x08008f7d   Thumb Code   224  queue.o(i.xQueueGiveFromISR)
    xQueueReceive                            0x0800905d   Thumb Code   356  queue.o(i.xQueueReceive)
    xQueueReceiveFromISR                     0x080091c5   Thumb Code   202  queue.o(i.xQueueReceiveFromISR)
    xQueueSemaphoreTake                      0x08009291   Thumb Code   434  queue.o(i.xQueueSemaphoreTake)
    xTaskCheckForTimeOut                     0x08009449   Thumb Code   132  tasks.o(i.xTaskCheckForTimeOut)
    xTaskCreate                              0x080094d5   Thumb Code   100  tasks.o(i.xTaskCreate)
    xTaskCreateStatic                        0x08009539   Thumb Code   184  tasks.o(i.xTaskCreateStatic)
    xTaskGetSchedulerState                   0x080095f1   Thumb Code    24  tasks.o(i.xTaskGetSchedulerState)
    xTaskGetTickCount                        0x08009611   Thumb Code     6  tasks.o(i.xTaskGetTickCount)
    xTaskIncrementTick                       0x0800961d   Thumb Code   282  tasks.o(i.xTaskIncrementTick)
    xTaskPriorityDisinherit                  0x08009765   Thumb Code   188  tasks.o(i.xTaskPriorityDisinherit)
    xTaskPriorityInherit                     0x0800982d   Thumb Code   186  tasks.o(i.xTaskPriorityInherit)
    xTaskRemoveFromEventList                 0x080098f5   Thumb Code   128  tasks.o(i.xTaskRemoveFromEventList)
    xTaskResumeAll                           0x0800998d   Thumb Code   224  tasks.o(i.xTaskResumeAll)
    xTimerCreate                             0x08009a91   Thumb Code    54  timers.o(i.xTimerCreate)
    xTimerCreateStatic                       0x08009ac7   Thumb Code   112  timers.o(i.xTimerCreateStatic)
    xTimerCreateTimerTask                    0x08009b39   Thumb Code   100  timers.o(i.xTimerCreateTimerTask)
    xTimerGenericCommand                     0x08009bb1   Thumb Code   126  timers.o(i.xTimerGenericCommand)
    _get_lc_numeric                          0x08009c35   Thumb Code    44  lc_numeric_c.o(locale$$code)
    _get_lc_ctype                            0x08009c61   Thumb Code    44  lc_ctype_c.o(locale$$code)
    __aeabi_ddiv                             0x08009c8d   Thumb Code     0  ddiv.o(x$fpl$ddiv)
    _ddiv                                    0x08009c8d   Thumb Code   552  ddiv.o(x$fpl$ddiv)
    __aeabi_d2iz                             0x08009f3d   Thumb Code     0  dfix.o(x$fpl$dfix)
    _dfix                                    0x08009f3d   Thumb Code    94  dfix.o(x$fpl$dfix)
    __aeabi_d2uiz                            0x08009f9d   Thumb Code     0  dfixu.o(x$fpl$dfixu)
    _dfixu                                   0x08009f9d   Thumb Code    90  dfixu.o(x$fpl$dfixu)
    __aeabi_ui2d                             0x08009ff7   Thumb Code     0  dflt_clz.o(x$fpl$dfltu)
    _dfltu                                   0x08009ff7   Thumb Code    38  dflt_clz.o(x$fpl$dfltu)
    __fpl_dnaninf                            0x0800a01d   Thumb Code   156  dnaninf.o(x$fpl$dnaninf)
    __fpl_dretinf                            0x0800a0b9   Thumb Code    12  dretinf.o(x$fpl$dretinf)
    __aeabi_fdiv                             0x0800a0c5   Thumb Code     0  fdiv.o(x$fpl$fdiv)
    _fdiv                                    0x0800a0c5   Thumb Code   384  fdiv.o(x$fpl$fdiv)
    __aeabi_i2f                              0x0800a249   Thumb Code     0  fflt_clz.o(x$fpl$fflt)
    _fflt                                    0x0800a249   Thumb Code    48  fflt_clz.o(x$fpl$fflt)
    __aeabi_ui2f                             0x0800a279   Thumb Code     0  fflt_clz.o(x$fpl$ffltu)
    _ffltu                                   0x0800a279   Thumb Code    38  fflt_clz.o(x$fpl$ffltu)
    __aeabi_fmul                             0x0800a2a1   Thumb Code     0  fmul.o(x$fpl$fmul)
    _fmul                                    0x0800a2a1   Thumb Code   258  fmul.o(x$fpl$fmul)
    __fpl_fnaninf                            0x0800a3a3   Thumb Code   140  fnaninf.o(x$fpl$fnaninf)
    __fpl_fretinf                            0x0800a42f   Thumb Code    10  fretinf.o(x$fpl$fretinf)
    _printf_fp_dec                           0x0800a439   Thumb Code     4  printf1.o(x$fpl$printf1)
    _printf_fp_hex                           0x0800a43d   Thumb Code     4  printf2.o(x$fpl$printf2)
    __I$use$fp                               0x0800a440   Number         0  usenofp.o(x$fpl$usenofp)
    shellCmdDefaultUser                      0x0800a4b8   Data           4  shell.o(.constdata)
    shellPasswordDefaultUser                 0x0800a4bc   Data           1  shell.o(.constdata)
    shellDesDefaultUser                      0x0800a4bd   Data          13  shell.o(.constdata)
    shellCmdsetVar                           0x0800a4ca   Data           7  shell.o(.constdata)
    shellDescsetVar                          0x0800a4d1   Data           8  shell.o(.constdata)
    shellDesc0x1B5B4100                      0x0800a4d9   Data           3  shell.o(.constdata)
    shellDesc0x1B5B4200                      0x0800a4dc   Data           5  shell.o(.constdata)
    shellDesc0x1B5B4300                      0x0800a4e1   Data           6  shell.o(.constdata)
    shellDesc0x1B5B4400                      0x0800a4e7   Data           5  shell.o(.constdata)
    shellDesc0x09000000                      0x0800a4ec   Data           4  shell.o(.constdata)
    shellDesc0x08000000                      0x0800a4f0   Data          10  shell.o(.constdata)
    shellDesc0x7F000000                      0x0800a4fa   Data          10  shell.o(.constdata)
    shellDesc0x1B5B337E                      0x0800a504   Data           7  shell.o(.constdata)
    shellDesc0x0A000000                      0x0800a50b   Data           6  shell.o(.constdata)
    shellDesc0x0D000000                      0x0800a511   Data           6  shell.o(.constdata)
    shellCmdhelp                             0x0800a517   Data           5  shell.o(.constdata)
    shellDeschelp                            0x0800a51c   Data          30  shell.o(.constdata)
    shellCmdusers                            0x0800a53a   Data           6  shell.o(.constdata)
    shellDescusers                           0x0800a540   Data          14  shell.o(.constdata)
    shellCmdcmds                             0x0800a54e   Data           5  shell.o(.constdata)
    shellDesccmds                            0x0800a553   Data          13  shell.o(.constdata)
    shellCmdvars                             0x0800a560   Data           5  shell.o(.constdata)
    shellDescvars                            0x0800a565   Data          13  shell.o(.constdata)
    shellCmdkeys                             0x0800a572   Data           5  shell.o(.constdata)
    shellDesckeys                            0x0800a577   Data          13  shell.o(.constdata)
    shellCmdclear                            0x0800a584   Data           6  shell.o(.constdata)
    shellDescclear                           0x0800a58a   Data          14  shell.o(.constdata)
    shellCmdexec                             0x0800a598   Data           5  shell.o(.constdata)
    shellDescexec                            0x0800a59d   Data          27  shell.o(.constdata)
    AHBPrescTable                            0x0800a7c8   Data          16  system_stm32f1xx.o(.constdata)
    APBPrescTable                            0x0800a7d8   Data           8  system_stm32f1xx.o(.constdata)
    Region$$Table$$Base                      0x0800abb8   Number         0  anon$$obj.o(Region$$Table)
    Region$$Table$$Limit                     0x0800abd8   Number         0  anon$$obj.o(Region$$Table)
    __ctype                                  0x0800ac01   Data           0  lc_ctype_c.o(locale$$data)
    shellCommand$$Base                       0x0800ad04   Number         0  shell.o(shellCommand)
    shellUserDefault                         0x0800ad04   Data          16  shell.o(shellCommand)
    shellCommandsetVar                       0x0800ad14   Data          16  shell.o(shellCommand)
    shellKey0x1B5B4100                       0x0800ad24   Data          16  shell.o(shellCommand)
    shellKey0x1B5B4200                       0x0800ad34   Data          16  shell.o(shellCommand)
    shellKey0x1B5B4300                       0x0800ad44   Data          16  shell.o(shellCommand)
    shellKey0x1B5B4400                       0x0800ad54   Data          16  shell.o(shellCommand)
    shellKey0x09000000                       0x0800ad64   Data          16  shell.o(shellCommand)
    shellKey0x08000000                       0x0800ad74   Data          16  shell.o(shellCommand)
    shellKey0x7F000000                       0x0800ad84   Data          16  shell.o(shellCommand)
    shellKey0x1B5B337E                       0x0800ad94   Data          16  shell.o(shellCommand)
    shellKey0x0A000000                       0x0800ada4   Data          16  shell.o(shellCommand)
    shellKey0x0D000000                       0x0800adb4   Data          16  shell.o(shellCommand)
    shellCommandhelp                         0x0800adc4   Data          16  shell.o(shellCommand)
    shellCommandusers                        0x0800add4   Data          16  shell.o(shellCommand)
    shellCommandcmds                         0x0800ade4   Data          16  shell.o(shellCommand)
    shellCommandvars                         0x0800adf4   Data          16  shell.o(shellCommand)
    shellCommandkeys                         0x0800ae04   Data          16  shell.o(shellCommand)
    shellCommandclear                        0x0800ae14   Data          16  shell.o(shellCommand)
    shellCommandexec                         0x0800ae24   Data          16  shell.o(shellCommand)
    shellCommand$$Limit                      0x0800ae34   Number         0  shell.o(shellCommand)
    shellHandle                              0x20000000   Data           4  freertos.o(.data)
    modbusHandle                             0x20000004   Data           4  freertos.o(.data)
    io_outputHandle                          0x20000008   Data           4  freertos.o(.data)
    atHandle                                 0x2000000c   Data           4  freertos.o(.data)
    Timer1Handle                             0x20000010   Data           4  freertos.o(.data)
    shellMutexHandle                         0x20000014   Data           4  freertos.o(.data)
    ReciveHandle                             0x20000018   Data           4  freertos.o(.data)
    g_State                                  0x2000001c   Data           1  freertos.o(.data)
    g_Timerout_Flag                          0x2000001d   Data           1  freertos.o(.data)
    mdhandler                                0x2000008c   Data           4  mdrtuslave.o(.data)
    uwTick                                   0x20000090   Data           4  stm32f1xx_hal.o(.data)
    uwTickPrio                               0x20000094   Data           4  stm32f1xx_hal.o(.data)
    uwTickFreq                               0x20000098   Data           1  stm32f1xx_hal.o(.data)
    SystemCoreClock                          0x2000009c   Data           4  system_stm32f1xx.o(.data)
    pxCurrentTCB                             0x200000a0   Data           4  tasks.o(.data)
    Adc_buffer                               0x200004bc   Data          64  adc.o(.bss)
    hadc1                                    0x200004fc   Data          48  adc.o(.bss)
    hdma_adc1                                0x2000052c   Data          68  adc.o(.bss)
    hspi2                                    0x20000570   Data          88  spi.o(.bss)
    huart1                                   0x200005c8   Data          68  usart.o(.bss)
    huart3                                   0x2000060c   Data          68  usart.o(.bss)
    hdma_usart3_tx                           0x20000650   Data          68  usart.o(.bss)
    hdma_usart3_rx                           0x20000694   Data          68  usart.o(.bss)
    htim1                                    0x200006d8   Data          72  stm32f1xx_hal_timebase_tim.o(.bss)
    shell                                    0x20000740   Data         116  shell_port.o(.bss)
    shell_buffer                             0x200007b4   Data         128  shell_port.o(.bss)
    xQueueRegistry                           0x20000834   Data          64  queue.o(.bss)
    __libspace_start                         0x20002a4c   Data          96  libspace.o(.bss)
    __temporary_stack_top$libspace           0x20002aac   Data           0  libspace.o(.bss)



==============================================================================

Memory Map of the image

  Image Entry point : 0x080000ed

  Load Region LR_IROM1 (Base: 0x08000000, Size: 0x0000af48, Max: 0x00010000, ABSOLUTE)

    Execution Region ER_IROM1 (Exec base: 0x08000000, Load base: 0x08000000, Size: 0x0000ae34, Max: 0x00010000, ABSOLUTE)

    Exec Addr    Load Addr    Size         Type   Attr      Idx    E Section Name        Object

    0x08000000   0x08000000   0x000000ec   Data   RO            3    RESET               startup_stm32f103xb.o
    0x080000ec   0x080000ec   0x00000008   Code   RO         6297  * !!!main             c_w.l(__main.o)
    0x080000f4   0x080000f4   0x00000034   Code   RO         6706    !!!scatter          c_w.l(__scatter.o)
    0x08000128   0x08000128   0x0000001a   Code   RO         6708    !!handler_copy      c_w.l(__scatter_copy.o)
    0x08000142   0x08000142   0x00000002   PAD
    0x08000144   0x08000144   0x0000001c   Code   RO         6710    !!handler_zi        c_w.l(__scatter_zi.o)
    0x08000160   0x08000160   0x00000000   Code   RO         6442    .ARM.Collect$$_printf_percent$$00000000  c_w.l(_printf_percent.o)
    0x08000160   0x08000160   0x00000006   Code   RO         6431    .ARM.Collect$$_printf_percent$$00000001  c_w.l(_printf_n.o)
    0x08000166   0x08000166   0x00000006   Code   RO         6433    .ARM.Collect$$_printf_percent$$00000002  c_w.l(_printf_p.o)
    0x0800016c   0x0800016c   0x00000006   Code   RO         6438    .ARM.Collect$$_printf_percent$$00000003  c_w.l(_printf_f.o)
    0x08000172   0x08000172   0x00000006   Code   RO         6439    .ARM.Collect$$_printf_percent$$00000004  c_w.l(_printf_e.o)
    0x08000178   0x08000178   0x00000006   Code   RO         6440    .ARM.Collect$$_printf_percent$$00000005  c_w.l(_printf_g.o)
    0x0800017e   0x0800017e   0x00000006   Code   RO         6441    .ARM.Collect$$_printf_percent$$00000006  c_w.l(_printf_a.o)
    0x08000184   0x08000184   0x0000000a   Code   RO         6446    .ARM.Collect$$_printf_percent$$00000007  c_w.l(_printf_ll.o)
    0x0800018e   0x0800018e   0x00000006   Code   RO         6435    .ARM.Collect$$_printf_percent$$00000008  c_w.l(_printf_i.o)
    0x08000194   0x08000194   0x00000006   Code   RO         6436    .ARM.Collect$$_printf_percent$$00000009  c_w.l(_printf_d.o)
    0x0800019a   0x0800019a   0x00000006   Code   RO         6437    .ARM.Collect$$_printf_percent$$0000000A  c_w.l(_printf_u.o)
    0x080001a0   0x080001a0   0x00000006   Code   RO         6434    .ARM.Collect$$_printf_percent$$0000000B  c_w.l(_printf_o.o)
    0x080001a6   0x080001a6   0x00000006   Code   RO         6432    .ARM.Collect$$_printf_percent$$0000000C  c_w.l(_printf_x.o)
    0x080001ac   0x080001ac   0x00000006   Code   RO         6443    .ARM.Collect$$_printf_percent$$0000000D  c_w.l(_printf_lli.o)
    0x080001b2   0x080001b2   0x00000006   Code   RO         6444    .ARM.Collect$$_printf_percent$$0000000E  c_w.l(_printf_lld.o)
    0x080001b8   0x080001b8   0x00000006   Code   RO         6445    .ARM.Collect$$_printf_percent$$0000000F  c_w.l(_printf_llu.o)
    0x080001be   0x080001be   0x00000006   Code   RO         6450    .ARM.Collect$$_printf_percent$$00000010  c_w.l(_printf_llo.o)
    0x080001c4   0x080001c4   0x00000006   Code   RO         6451    .ARM.Collect$$_printf_percent$$00000011  c_w.l(_printf_llx.o)
    0x080001ca   0x080001ca   0x0000000a   Code   RO         6447    .ARM.Collect$$_printf_percent$$00000012  c_w.l(_printf_l.o)
    0x080001d4   0x080001d4   0x00000006   Code   RO         6429    .ARM.Collect$$_printf_percent$$00000013  c_w.l(_printf_c.o)
    0x080001da   0x080001da   0x00000006   Code   RO         6430    .ARM.Collect$$_printf_percent$$00000014  c_w.l(_printf_s.o)
    0x080001e0   0x080001e0   0x00000006   Code   RO         6448    .ARM.Collect$$_printf_percent$$00000015  c_w.l(_printf_lc.o)
    0x080001e6   0x080001e6   0x00000006   Code   RO         6449    .ARM.Collect$$_printf_percent$$00000016  c_w.l(_printf_ls.o)
    0x080001ec   0x080001ec   0x00000004   Code   RO         6512    .ARM.Collect$$_printf_percent$$00000017  c_w.l(_printf_percent_end.o)
    0x080001f0   0x080001f0   0x00000002   Code   RO         6629    .ARM.Collect$$libinit$$00000000  c_w.l(libinit.o)
    0x080001f2   0x080001f2   0x00000000   Code   RO         6525    .ARM.Collect$$libinit$$00000002  c_w.l(libinit2.o)
    0x080001f2   0x080001f2   0x00000000   Code   RO         6527    .ARM.Collect$$libinit$$00000004  c_w.l(libinit2.o)
    0x080001f2   0x080001f2   0x00000000   Code   RO         6530    .ARM.Collect$$libinit$$0000000A  c_w.l(libinit2.o)
    0x080001f2   0x080001f2   0x00000000   Code   RO         6532    .ARM.Collect$$libinit$$0000000C  c_w.l(libinit2.o)
    0x080001f2   0x080001f2   0x00000000   Code   RO         6534    .ARM.Collect$$libinit$$0000000E  c_w.l(libinit2.o)
    0x080001f2   0x080001f2   0x00000006   Code   RO         6535    .ARM.Collect$$libinit$$0000000F  c_w.l(libinit2.o)
    0x080001f8   0x080001f8   0x00000000   Code   RO         6537    .ARM.Collect$$libinit$$00000011  c_w.l(libinit2.o)
    0x080001f8   0x080001f8   0x0000000c   Code   RO         6538    .ARM.Collect$$libinit$$00000012  c_w.l(libinit2.o)
    0x08000204   0x08000204   0x00000000   Code   RO         6539    .ARM.Collect$$libinit$$00000013  c_w.l(libinit2.o)
    0x08000204   0x08000204   0x00000000   Code   RO         6541    .ARM.Collect$$libinit$$00000015  c_w.l(libinit2.o)
    0x08000204   0x08000204   0x0000000a   Code   RO         6542    .ARM.Collect$$libinit$$00000016  c_w.l(libinit2.o)
    0x0800020e   0x0800020e   0x00000000   Code   RO         6543    .ARM.Collect$$libinit$$00000017  c_w.l(libinit2.o)
    0x0800020e   0x0800020e   0x00000000   Code   RO         6545    .ARM.Collect$$libinit$$00000019  c_w.l(libinit2.o)
    0x0800020e   0x0800020e   0x00000000   Code   RO         6547    .ARM.Collect$$libinit$$0000001B  c_w.l(libinit2.o)
    0x0800020e   0x0800020e   0x00000000   Code   RO         6549    .ARM.Collect$$libinit$$0000001D  c_w.l(libinit2.o)
    0x0800020e   0x0800020e   0x00000000   Code   RO         6551    .ARM.Collect$$libinit$$0000001F  c_w.l(libinit2.o)
    0x0800020e   0x0800020e   0x00000000   Code   RO         6553    .ARM.Collect$$libinit$$00000021  c_w.l(libinit2.o)
    0x0800020e   0x0800020e   0x00000000   Code   RO         6555    .ARM.Collect$$libinit$$00000023  c_w.l(libinit2.o)
    0x0800020e   0x0800020e   0x00000000   Code   RO         6557    .ARM.Collect$$libinit$$00000025  c_w.l(libinit2.o)
    0x0800020e   0x0800020e   0x00000000   Code   RO         6561    .ARM.Collect$$libinit$$0000002C  c_w.l(libinit2.o)
    0x0800020e   0x0800020e   0x00000000   Code   RO         6563    .ARM.Collect$$libinit$$0000002E  c_w.l(libinit2.o)
    0x0800020e   0x0800020e   0x00000000   Code   RO         6565    .ARM.Collect$$libinit$$00000030  c_w.l(libinit2.o)
    0x0800020e   0x0800020e   0x00000000   Code   RO         6567    .ARM.Collect$$libinit$$00000032  c_w.l(libinit2.o)
    0x0800020e   0x0800020e   0x00000002   Code   RO         6568    .ARM.Collect$$libinit$$00000033  c_w.l(libinit2.o)
    0x08000210   0x08000210   0x00000002   Code   RO         6703    .ARM.Collect$$libshutdown$$00000000  c_w.l(libshutdown.o)
    0x08000212   0x08000212   0x00000000   Code   RO         6659    .ARM.Collect$$libshutdown$$00000002  c_w.l(libshutdown2.o)
    0x08000212   0x08000212   0x00000000   Code   RO         6661    .ARM.Collect$$libshutdown$$00000004  c_w.l(libshutdown2.o)
    0x08000212   0x08000212   0x00000000   Code   RO         6664    .ARM.Collect$$libshutdown$$00000007  c_w.l(libshutdown2.o)
    0x08000212   0x08000212   0x00000000   Code   RO         6667    .ARM.Collect$$libshutdown$$0000000A  c_w.l(libshutdown2.o)
    0x08000212   0x08000212   0x00000000   Code   RO         6669    .ARM.Collect$$libshutdown$$0000000C  c_w.l(libshutdown2.o)
    0x08000212   0x08000212   0x00000000   Code   RO         6672    .ARM.Collect$$libshutdown$$0000000F  c_w.l(libshutdown2.o)
    0x08000212   0x08000212   0x00000002   Code   RO         6673    .ARM.Collect$$libshutdown$$00000010  c_w.l(libshutdown2.o)
    0x08000214   0x08000214   0x00000000   Code   RO         6331    .ARM.Collect$$rtentry$$00000000  c_w.l(__rtentry.o)
    0x08000214   0x08000214   0x00000000   Code   RO         6473    .ARM.Collect$$rtentry$$00000002  c_w.l(__rtentry2.o)
    0x08000214   0x08000214   0x00000006   Code   RO         6485    .ARM.Collect$$rtentry$$00000004  c_w.l(__rtentry4.o)
    0x0800021a   0x0800021a   0x00000000   Code   RO         6475    .ARM.Collect$$rtentry$$00000009  c_w.l(__rtentry2.o)
    0x0800021a   0x0800021a   0x00000004   Code   RO         6476    .ARM.Collect$$rtentry$$0000000A  c_w.l(__rtentry2.o)
    0x0800021e   0x0800021e   0x00000000   Code   RO         6478    .ARM.Collect$$rtentry$$0000000C  c_w.l(__rtentry2.o)
    0x0800021e   0x0800021e   0x00000008   Code   RO         6479    .ARM.Collect$$rtentry$$0000000D  c_w.l(__rtentry2.o)
    0x08000226   0x08000226   0x00000002   Code   RO         6641    .ARM.Collect$$rtexit$$00000000  c_w.l(rtexit.o)
    0x08000228   0x08000228   0x00000000   Code   RO         6677    .ARM.Collect$$rtexit$$00000002  c_w.l(rtexit2.o)
    0x08000228   0x08000228   0x00000004   Code   RO         6678    .ARM.Collect$$rtexit$$00000003  c_w.l(rtexit2.o)
    0x0800022c   0x0800022c   0x00000006   Code   RO         6679    .ARM.Collect$$rtexit$$00000004  c_w.l(rtexit2.o)
    0x08000232   0x08000232   0x00000002   PAD
    0x08000234   0x08000234   0x00000096   Code   RO         6138    .emb_text           port.o
    0x080002ca   0x080002ca   0x00000002   PAD
    0x080002cc   0x080002cc   0x00000040   Code   RO            4    .text               startup_stm32f103xb.o
    0x0800030c   0x0800030c   0x0000004e   Code   RO         6219    .text               c_w.l(h1_free.o)
    0x0800035a   0x0800035a   0x00000002   PAD
    0x0800035c   0x0800035c   0x00000034   Code   RO         6275    .text               c_w.l(vsnprintf.o)
    0x08000390   0x08000390   0x0000003e   Code   RO         6277    .text               c_w.l(strlen.o)
    0x080003ce   0x080003ce   0x00000096   Code   RO         6279    .text               c_w.l(strncmp.o)
    0x08000464   0x08000464   0x0000008a   Code   RO         6281    .text               c_w.l(rt_memcpy_v6.o)
    0x080004ee   0x080004ee   0x00000064   Code   RO         6283    .text               c_w.l(rt_memcpy_w.o)
    0x08000552   0x08000552   0x00000010   Code   RO         6287    .text               c_w.l(aeabi_memset.o)
    0x08000562   0x08000562   0x00000044   Code   RO         6289    .text               c_w.l(rt_memclr.o)
    0x080005a6   0x080005a6   0x0000004e   Code   RO         6291    .text               c_w.l(rt_memclr_w.o)
    0x080005f4   0x080005f4   0x00000080   Code   RO         6293    .text               c_w.l(strcmpv7m.o)
    0x08000674   0x08000674   0x00000006   Code   RO         6295    .text               c_w.l(heapauxi.o)
    0x0800067a   0x0800067a   0x00000002   PAD
    0x0800067c   0x0800067c   0x00000008   Code   RO         6335    .text               c_w.l(rt_heap_descriptor_intlibspace.o)
    0x08000684   0x08000684   0x0000004e   Code   RO         6361    .text               c_w.l(_printf_pad.o)
    0x080006d2   0x080006d2   0x00000024   Code   RO         6363    .text               c_w.l(_printf_truncate.o)
    0x080006f6   0x080006f6   0x00000052   Code   RO         6365    .text               c_w.l(_printf_str.o)
    0x08000748   0x08000748   0x00000078   Code   RO         6367    .text               c_w.l(_printf_dec.o)
    0x080007c0   0x080007c0   0x00000028   Code   RO         6369    .text               c_w.l(_printf_charcount.o)
    0x080007e8   0x080007e8   0x00000030   Code   RO         6371    .text               c_w.l(_printf_char_common.o)
    0x08000818   0x08000818   0x0000000a   Code   RO         6373    .text               c_w.l(_sputc.o)
    0x08000822   0x08000822   0x00000010   Code   RO         6375    .text               c_w.l(_snputc.o)
    0x08000832   0x08000832   0x00000002   PAD
    0x08000834   0x08000834   0x000000bc   Code   RO         6377    .text               c_w.l(_printf_wctomb.o)
    0x080008f0   0x080008f0   0x0000007c   Code   RO         6380    .text               c_w.l(_printf_longlong_dec.o)
    0x0800096c   0x0800096c   0x00000070   Code   RO         6386    .text               c_w.l(_printf_oct_int_ll.o)
    0x080009dc   0x080009dc   0x00000094   Code   RO         6406    .text               c_w.l(_printf_hex_int_ll_ptr.o)
    0x08000a70   0x08000a70   0x00000188   Code   RO         6426    .text               c_w.l(__printf_flags_ss_wp.o)
    0x08000bf8   0x08000bf8   0x00000008   Code   RO         6469    .text               c_w.l(libspace.o)
    0x08000c00   0x08000c00   0x0000008a   Code   RO         6497    .text               c_w.l(lludiv10.o)
    0x08000c8a   0x08000c8a   0x000000b2   Code   RO         6499    .text               c_w.l(_printf_intcommon.o)
    0x08000d3c   0x08000d3c   0x0000041e   Code   RO         6501    .text               c_w.l(_printf_fp_dec.o)
    0x0800115a   0x0800115a   0x00000002   PAD
    0x0800115c   0x0800115c   0x000002fc   Code   RO         6503    .text               c_w.l(_printf_fp_hex.o)
    0x08001458   0x08001458   0x0000002c   Code   RO         6508    .text               c_w.l(_printf_char.o)
    0x08001484   0x08001484   0x0000002c   Code   RO         6510    .text               c_w.l(_printf_wchar.o)
    0x080014b0   0x080014b0   0x00000040   Code   RO         6513    .text               c_w.l(_wcrtomb.o)
    0x080014f0   0x080014f0   0x0000004a   Code   RO         6571    .text               c_w.l(sys_stackheap_outer.o)
    0x0800153a   0x0800153a   0x00000002   PAD
    0x0800153c   0x0800153c   0x00000010   Code   RO         6573    .text               c_w.l(rt_ctype_table.o)
    0x0800154c   0x0800154c   0x00000008   Code   RO         6580    .text               c_w.l(rt_locale_intlibspace.o)
    0x08001554   0x08001554   0x00000080   Code   RO         6586    .text               c_w.l(_printf_fp_infnan.o)
    0x080015d4   0x080015d4   0x000000e4   Code   RO         6588    .text               c_w.l(bigflt0.o)
    0x080016b8   0x080016b8   0x00000012   Code   RO         6616    .text               c_w.l(exit.o)
    0x080016ca   0x080016ca   0x00000002   PAD
    0x080016cc   0x080016cc   0x0000000c   Code   RO         6636    .text               c_w.l(sys_exit.o)
    0x080016d8   0x080016d8   0x00000002   Code   RO         6638    .text               c_w.l(use_no_semi.o)
    0x080016da   0x080016da   0x00000000   Code   RO         6640    .text               c_w.l(indicate_semi.o)
    0x080016da   0x080016da   0x0000003e   Code   RO         6591    CL$$btod_d2e        c_w.l(btod.o)
    0x08001718   0x08001718   0x00000046   Code   RO         6593    CL$$btod_d2e_denorm_low  c_w.l(btod.o)
    0x0800175e   0x0800175e   0x00000060   Code   RO         6592    CL$$btod_d2e_norm_op1  c_w.l(btod.o)
    0x080017be   0x080017be   0x00000338   Code   RO         6601    CL$$btod_div_common  c_w.l(btod.o)
    0x08001af6   0x08001af6   0x000000dc   Code   RO         6598    CL$$btod_e2e        c_w.l(btod.o)
    0x08001bd2   0x08001bd2   0x0000002a   Code   RO         6595    CL$$btod_ediv       c_w.l(btod.o)
    0x08001bfc   0x08001bfc   0x0000002a   Code   RO         6594    CL$$btod_emul       c_w.l(btod.o)
    0x08001c26   0x08001c26   0x00000244   Code   RO         6600    CL$$btod_mult_common  c_w.l(btod.o)
    0x08001e6a   0x08001e6a   0x0000005c   Code   RO         1825    i.ADC_ConversionStop_Disable  stm32f1xx_hal_adc.o
    0x08001ec6   0x08001ec6   0x00000052   Code   RO         1826    i.ADC_DMAConvCplt   stm32f1xx_hal_adc.o
    0x08001f18   0x08001f18   0x0000001e   Code   RO         1827    i.ADC_DMAError      stm32f1xx_hal_adc.o
    0x08001f36   0x08001f36   0x0000000e   Code   RO         1828    i.ADC_DMAHalfConvCplt  stm32f1xx_hal_adc.o
    0x08001f44   0x08001f44   0x00000090   Code   RO         1829    i.ADC_Enable        stm32f1xx_hal_adc.o
    0x08001fd4   0x08001fd4   0x0000000a   Code   RO          370    i.At_Task           freertos.o
    0x08001fde   0x08001fde   0x00000004   Code   RO          631    i.BusFault_Handler  stm32f1xx_it.o
    0x08001fe2   0x08001fe2   0x00000002   PAD
    0x08001fe4   0x08001fe4   0x00000010   Code   RO          632    i.DMA1_Channel1_IRQHandler  stm32f1xx_it.o
    0x08001ff4   0x08001ff4   0x00000010   Code   RO          633    i.DMA1_Channel2_IRQHandler  stm32f1xx_it.o
    0x08002004   0x08002004   0x00000010   Code   RO          634    i.DMA1_Channel3_IRQHandler  stm32f1xx_it.o
    0x08002014   0x08002014   0x0000002c   Code   RO         2484    i.DMA_SetConfig     stm32f1xx_hal_dma.o
    0x08002040   0x08002040   0x00000002   Code   RO          635    i.DebugMon_Handler  stm32f1xx_it.o
    0x08002042   0x08002042   0x00000006   Code   RO          290    i.Error_Handler     main.o
    0x08002048   0x08002048   0x00000160   Code   RO         1831    i.HAL_ADC_ConfigChannel  stm32f1xx_hal_adc.o
    0x080021a8   0x080021a8   0x00000002   Code   RO         1832    i.HAL_ADC_ConvCpltCallback  stm32f1xx_hal_adc.o
    0x080021aa   0x080021aa   0x00000002   Code   RO         1833    i.HAL_ADC_ConvHalfCpltCallback  stm32f1xx_hal_adc.o
    0x080021ac   0x080021ac   0x00000002   Code   RO         1835    i.HAL_ADC_ErrorCallback  stm32f1xx_hal_adc.o
    0x080021ae   0x080021ae   0x00000002   PAD
    0x080021b0   0x080021b0   0x00000144   Code   RO         1840    i.HAL_ADC_Init      stm32f1xx_hal_adc.o
    0x080022f4   0x080022f4   0x000000b0   Code   RO          458    i.HAL_ADC_MspInit   adc.o
    0x080023a4   0x080023a4   0x00000180   Code   RO         1847    i.HAL_ADC_Start_DMA  stm32f1xx_hal_adc.o
    0x08002524   0x08002524   0x00000056   Code   RO         2485    i.HAL_DMA_Abort     stm32f1xx_hal_dma.o
    0x0800257a   0x0800257a   0x00000002   PAD
    0x0800257c   0x0800257c   0x000000b0   Code   RO         2486    i.HAL_DMA_Abort_IT  stm32f1xx_hal_dma.o
    0x0800262c   0x0800262c   0x0000019c   Code   RO         2490    i.HAL_DMA_IRQHandler  stm32f1xx_hal_dma.o
    0x080027c8   0x080027c8   0x00000068   Code   RO         2491    i.HAL_DMA_Init      stm32f1xx_hal_dma.o
    0x08002830   0x08002830   0x0000009c   Code   RO         2495    i.HAL_DMA_Start_IT  stm32f1xx_hal_dma.o
    0x080028cc   0x080028cc   0x00000320   Code   RO         2421    i.HAL_GPIO_Init     stm32f1xx_hal_gpio.o
    0x08002bec   0x08002bec   0x0000000c   Code   RO         2425    i.HAL_GPIO_WritePin  stm32f1xx_hal_gpio.o
    0x08002bf8   0x08002bf8   0x0000000c   Code   RO         2112    i.HAL_GetTick       stm32f1xx_hal.o
    0x08002c04   0x08002c04   0x00000018   Code   RO         2118    i.HAL_IncTick       stm32f1xx_hal.o
    0x08002c1c   0x08002c1c   0x00000028   Code   RO         2119    i.HAL_Init          stm32f1xx_hal.o
    0x08002c44   0x08002c44   0x00000088   Code   RO          743    i.HAL_InitTick      stm32f1xx_hal_timebase_tim.o
    0x08002ccc   0x08002ccc   0x00000060   Code   RO          719    i.HAL_MspInit       stm32f1xx_hal_msp.o
    0x08002d2c   0x08002d2c   0x00000020   Code   RO         2581    i.HAL_NVIC_EnableIRQ  stm32f1xx_hal_cortex.o
    0x08002d4c   0x08002d4c   0x0000007c   Code   RO         2587    i.HAL_NVIC_SetPriority  stm32f1xx_hal_cortex.o
    0x08002dc8   0x08002dc8   0x00000028   Code   RO         2588    i.HAL_NVIC_SetPriorityGrouping  stm32f1xx_hal_cortex.o
    0x08002df0   0x08002df0   0x00000130   Code   RO         2384    i.HAL_RCCEx_PeriphCLKConfig  stm32f1xx_hal_rcc_ex.o
    0x08002f20   0x08002f20   0x0000018c   Code   RO         2276    i.HAL_RCC_ClockConfig  stm32f1xx_hal_rcc.o
    0x080030ac   0x080030ac   0x00000044   Code   RO         2280    i.HAL_RCC_GetClockConfig  stm32f1xx_hal_rcc.o
    0x080030f0   0x080030f0   0x0000000c   Code   RO         2281    i.HAL_RCC_GetHCLKFreq  stm32f1xx_hal_rcc.o
    0x080030fc   0x080030fc   0x00000020   Code   RO         2283    i.HAL_RCC_GetPCLK1Freq  stm32f1xx_hal_rcc.o
    0x0800311c   0x0800311c   0x00000020   Code   RO         2284    i.HAL_RCC_GetPCLK2Freq  stm32f1xx_hal_rcc.o
    0x0800313c   0x0800313c   0x00000094   Code   RO         2285    i.HAL_RCC_GetSysClockFreq  stm32f1xx_hal_rcc.o
    0x080031d0   0x080031d0   0x00000464   Code   RO         2288    i.HAL_RCC_OscConfig  stm32f1xx_hal_rcc.o
    0x08003634   0x08003634   0x000000be   Code   RO         3118    i.HAL_SPI_Init      stm32f1xx_hal_spi.o
    0x080036f2   0x080036f2   0x00000002   PAD
    0x080036f4   0x080036f4   0x00000074   Code   RO          529    i.HAL_SPI_MspInit   spi.o
    0x08003768   0x08003768   0x00000002   Code   RO         4146    i.HAL_TIMEx_BreakCallback  stm32f1xx_hal_tim_ex.o
    0x0800376a   0x0800376a   0x00000002   Code   RO         4147    i.HAL_TIMEx_CommutCallback  stm32f1xx_hal_tim_ex.o
    0x0800376c   0x0800376c   0x00000066   Code   RO         3431    i.HAL_TIM_Base_Init  stm32f1xx_hal_tim.o
    0x080037d2   0x080037d2   0x00000002   Code   RO         3433    i.HAL_TIM_Base_MspInit  stm32f1xx_hal_tim.o
    0x080037d4   0x080037d4   0x00000078   Code   RO         3436    i.HAL_TIM_Base_Start_IT  stm32f1xx_hal_tim.o
    0x0800384c   0x0800384c   0x00000002   Code   RO         3465    i.HAL_TIM_IC_CaptureCallback  stm32f1xx_hal_tim.o
    0x0800384e   0x0800384e   0x00000196   Code   RO         3479    i.HAL_TIM_IRQHandler  stm32f1xx_hal_tim.o
    0x080039e4   0x080039e4   0x00000002   Code   RO         3482    i.HAL_TIM_OC_DelayElapsedCallback  stm32f1xx_hal_tim.o
    0x080039e6   0x080039e6   0x00000002   Code   RO         3509    i.HAL_TIM_PWM_PulseFinishedCallback  stm32f1xx_hal_tim.o
    0x080039e8   0x080039e8   0x00000018   Code   RO          291    i.HAL_TIM_PeriodElapsedCallback  main.o
    0x08003a00   0x08003a00   0x00000002   Code   RO         3522    i.HAL_TIM_TriggerCallback  stm32f1xx_hal_tim.o
    0x08003a02   0x08003a02   0x00000002   Code   RO         4424    i.HAL_UARTEx_RxEventCallback  stm32f1xx_hal_uart.o
    0x08003a04   0x08003a04   0x00000066   Code   RO         4436    i.HAL_UART_DMAStop  stm32f1xx_hal_uart.o
    0x08003a6a   0x08003a6a   0x00000002   Code   RO         4438    i.HAL_UART_ErrorCallback  stm32f1xx_hal_uart.o
    0x08003a6c   0x08003a6c   0x0000024c   Code   RO         4441    i.HAL_UART_IRQHandler  stm32f1xx_hal_uart.o
    0x08003cb8   0x08003cb8   0x00000072   Code   RO         4442    i.HAL_UART_Init     stm32f1xx_hal_uart.o
    0x08003d2a   0x08003d2a   0x00000002   PAD
    0x08003d2c   0x08003d2c   0x00000190   Code   RO          571    i.HAL_UART_MspInit  usart.o
    0x08003ebc   0x08003ebc   0x000000dc   Code   RO         4445    i.HAL_UART_Receive  stm32f1xx_hal_uart.o
    0x08003f98   0x08003f98   0x00000042   Code   RO         4446    i.HAL_UART_Receive_DMA  stm32f1xx_hal_uart.o
    0x08003fda   0x08003fda   0x00000002   Code   RO         4448    i.HAL_UART_RxCpltCallback  stm32f1xx_hal_uart.o
    0x08003fdc   0x08003fdc   0x00000002   Code   RO         4449    i.HAL_UART_RxHalfCpltCallback  stm32f1xx_hal_uart.o
    0x08003fde   0x08003fde   0x000000d2   Code   RO         4450    i.HAL_UART_Transmit  stm32f1xx_hal_uart.o
    0x080040b0   0x080040b0   0x0000009c   Code   RO         4451    i.HAL_UART_Transmit_DMA  stm32f1xx_hal_uart.o
    0x0800414c   0x0800414c   0x00000002   Code   RO         4453    i.HAL_UART_TxCpltCallback  stm32f1xx_hal_uart.o
    0x0800414e   0x0800414e   0x00000002   Code   RO         4454    i.HAL_UART_TxHalfCpltCallback  stm32f1xx_hal_uart.o
    0x08004150   0x08004150   0x00000004   Code   RO          636    i.HardFault_Handler  stm32f1xx_it.o
    0x08004154   0x08004154   0x0000005c   Code   RO           15    i.Io_Digital_Output  io_signal.o
    0x080041b0   0x080041b0   0x00000038   Code   RO          371    i.Io_Output_Task    freertos.o
    0x080041e8   0x080041e8   0x00000074   Code   RO          459    i.MX_ADC1_Init      adc.o
    0x0800425c   0x0800425c   0x00000054   Code   RO          504    i.MX_DMA_Init       dma.o
    0x080042b0   0x080042b0   0x000000d0   Code   RO          372    i.MX_FREERTOS_Init  freertos.o
    0x08004380   0x08004380   0x00000120   Code   RO          346    i.MX_GPIO_Init      gpio.o
    0x080044a0   0x080044a0   0x00000048   Code   RO          530    i.MX_SPI2_Init      spi.o
    0x080044e8   0x080044e8   0x00000038   Code   RO          572    i.MX_USART1_UART_Init  usart.o
    0x08004520   0x08004520   0x00000058   Code   RO          573    i.MX_USART3_UART_Init  usart.o
    0x08004578   0x08004578   0x00000004   Code   RO          637    i.MemManage_Handler  stm32f1xx_it.o
    0x0800457c   0x0800457c   0x00000028   Code   RO         1656    i.ModbusInit        mdrtuslave.o
    0x080045a4   0x080045a4   0x0000003c   Code   RO          373    i.Modbus_Task       freertos.o
    0x080045e0   0x080045e0   0x00000004   Code   RO          638    i.NMI_Handler       stm32f1xx_it.o
    0x080045e4   0x080045e4   0x00000028   Code   RO         2289    i.RCC_Delay         stm32f1xx_hal_rcc.o
    0x0800460c   0x0800460c   0x0000000c   Code   RO          374    i.Shell_Task        freertos.o
    0x08004618   0x08004618   0x00000034   Code   RO         6139    i.SysTick_Handler   port.o
    0x0800464c   0x0800464c   0x00000084   Code   RO          292    i.SystemClock_Config  main.o
    0x080046d0   0x080046d0   0x00000002   Code   RO         4781    i.SystemInit        system_stm32f1xx.o
    0x080046d2   0x080046d2   0x00000002   PAD
    0x080046d4   0x080046d4   0x00000010   Code   RO          639    i.TIM1_UP_IRQHandler  stm32f1xx_it.o
    0x080046e4   0x080046e4   0x00000074   Code   RO         3524    i.TIM_Base_SetConfig  stm32f1xx_hal_tim.o
    0x08004758   0x08004758   0x00000024   Code   RO          375    i.Timer_Callback    freertos.o
    0x0800477c   0x0800477c   0x00000014   Code   RO         4455    i.UART_DMAAbortOnError  stm32f1xx_hal_uart.o
    0x08004790   0x08004790   0x00000050   Code   RO         4456    i.UART_DMAError     stm32f1xx_hal_uart.o
    0x080047e0   0x080047e0   0x00000068   Code   RO         4457    i.UART_DMAReceiveCplt  stm32f1xx_hal_uart.o
    0x08004848   0x08004848   0x00000020   Code   RO         4459    i.UART_DMARxHalfCplt  stm32f1xx_hal_uart.o
    0x08004868   0x08004868   0x00000036   Code   RO         4461    i.UART_DMATransmitCplt  stm32f1xx_hal_uart.o
    0x0800489e   0x0800489e   0x0000000e   Code   RO         4463    i.UART_DMATxHalfCplt  stm32f1xx_hal_uart.o
    0x080048ac   0x080048ac   0x00000036   Code   RO         4465    i.UART_EndRxTransfer  stm32f1xx_hal_uart.o
    0x080048e2   0x080048e2   0x00000020   Code   RO         4466    i.UART_EndTransmit_IT  stm32f1xx_hal_uart.o
    0x08004902   0x08004902   0x00000014   Code   RO         4467    i.UART_EndTxTransfer  stm32f1xx_hal_uart.o
    0x08004916   0x08004916   0x000000e4   Code   RO         4468    i.UART_Receive_IT   stm32f1xx_hal_uart.o
    0x080049fa   0x080049fa   0x00000002   PAD
    0x080049fc   0x080049fc   0x000000fc   Code   RO         4469    i.UART_SetConfig    stm32f1xx_hal_uart.o
    0x08004af8   0x08004af8   0x00000098   Code   RO         4470    i.UART_Start_Receive_DMA  stm32f1xx_hal_uart.o
    0x08004b90   0x08004b90   0x00000060   Code   RO         4472    i.UART_Transmit_IT  stm32f1xx_hal_uart.o
    0x08004bf0   0x08004bf0   0x0000006c   Code   RO         4473    i.UART_WaitOnFlagUntilTimeout  stm32f1xx_hal_uart.o
    0x08004c5c   0x08004c5c   0x00000078   Code   RO          640    i.USART3_IRQHandler  stm32f1xx_it.o
    0x08004cd4   0x08004cd4   0x00000004   Code   RO          641    i.UsageFault_Handler  stm32f1xx_it.o
    0x08004cd8   0x08004cd8   0x00000038   Code   RO         1240    i.User_Shell_Init   shell_port.o
    0x08004d10   0x08004d10   0x00000020   Code   RO         1241    i.User_Shell_Read   shell_port.o
    0x08004d30   0x08004d30   0x00000020   Code   RO         1242    i.User_Shell_Write  shell_port.o
    0x08004d50   0x08004d50   0x00000028   Code   RO         6634    i.__ARM_fpclassify  m_ws.l(fpclassify.o)
    0x08004d78   0x08004d78   0x00000010   Code   RO         2594    i.__NVIC_GetPriorityGrouping  stm32f1xx_hal_cortex.o
    0x08004d88   0x08004d88   0x00000028   Code   RO         2595    i.__NVIC_SetPriority  stm32f1xx_hal_cortex.o
    0x08004db0   0x08004db0   0x0000000e   Code   RO         6419    i._is_digit         c_w.l(__printf_wp.o)
    0x08004dbe   0x08004dbe   0x00000010   Code   RO         5720    i.inHandlerMode     cmsis_os.o
    0x08004dce   0x08004dce   0x00000002   PAD
    0x08004dd0   0x08004dd0   0x00000048   Code   RO          293    i.main              main.o
    0x08004e18   0x08004e18   0x0000000e   Code   RO         5722    i.makeFreeRtosPriority  cmsis_os.o
    0x08004e26   0x08004e26   0x00000014   Code   RO         1457    i.mdClearReceiveBuffer  mdrecbuffer.o
    0x08004e3a   0x08004e3a   0x00000002   PAD
    0x08004e3c   0x08004e3c   0x00000038   Code   RO         1434    i.mdCrc16           mdcrc16.o
    0x08004e74   0x08004e74   0x00000124   Code   RO         1657    i.mdCreateModbusRTUSlave  mdrtuslave.o
    0x08004f98   0x08004f98   0x00000024   Code   RO         1458    i.mdCreateReceiveBuffer  mdrecbuffer.o
    0x08004fbc   0x08004fbc   0x00000040   Code   RO         1490    i.mdCreateRegister  mdregpool.o
    0x08004ffc   0x08004ffc   0x00000154   Code   RO         1491    i.mdCreateRegisterPool  mdregpool.o
    0x08005150   0x08005150   0x00000070   Code   RO         1494    i.mdFindRegisterByAddress  mdregpool.o
    0x080051c0   0x080051c0   0x00000046   Code   RO         1495    i.mdInsertRegister  mdregpool.o
    0x08005206   0x08005206   0x000000c8   Code   RO         1659    i.mdRTUCenterProcessor  mdrtuslave.o
    0x080052ce   0x080052ce   0x00000002   Code   RO         1660    i.mdRTUError        mdrtuslave.o
    0x080052d0   0x080052d0   0x00000112   Code   RO         1661    i.mdRTUHandleCode1  mdrtuslave.o
    0x080053e2   0x080053e2   0x0000009c   Code   RO         1662    i.mdRTUHandleCode15  mdrtuslave.o
    0x0800547e   0x0800547e   0x0000009c   Code   RO         1663    i.mdRTUHandleCode16  mdrtuslave.o
    0x0800551a   0x0800551a   0x00000112   Code   RO         1664    i.mdRTUHandleCode2  mdrtuslave.o
    0x0800562c   0x0800562c   0x000000fe   Code   RO         1665    i.mdRTUHandleCode3  mdrtuslave.o
    0x0800572a   0x0800572a   0x000000fe   Code   RO         1666    i.mdRTUHandleCode4  mdrtuslave.o
    0x08005828   0x08005828   0x0000005e   Code   RO         1667    i.mdRTUHandleCode5  mdrtuslave.o
    0x08005886   0x08005886   0x0000003e   Code   RO         1668    i.mdRTUHandleCode6  mdrtuslave.o
    0x080058c4   0x080058c4   0x00000014   Code   RO         1669    i.mdRTUSendString   mdrtuslave.o
    0x080058d8   0x080058d8   0x00000060   Code   RO         1496    i.mdReadBit         mdregpool.o
    0x08005938   0x08005938   0x00000032   Code   RO         1497    i.mdReadBits        mdregpool.o
    0x0800596a   0x0800596a   0x00000024   Code   RO         1498    i.mdReadCoil        mdregpool.o
    0x0800598e   0x0800598e   0x0000003c   Code   RO         1499    i.mdReadCoils       mdregpool.o
    0x080059ca   0x080059ca   0x0000001a   Code   RO         1500    i.mdReadHoldRegister  mdregpool.o
    0x080059e4   0x080059e4   0x00000022   Code   RO         1501    i.mdReadHoldRegisters  mdregpool.o
    0x08005a06   0x08005a06   0x00000028   Code   RO         1502    i.mdReadInputCoil   mdregpool.o
    0x08005a2e   0x08005a2e   0x00000040   Code   RO         1503    i.mdReadInputCoils  mdregpool.o
    0x08005a6e   0x08005a6e   0x0000001a   Code   RO         1504    i.mdReadInputRegister  mdregpool.o
    0x08005a88   0x08005a88   0x00000022   Code   RO         1505    i.mdReadInputRegisters  mdregpool.o
    0x08005aaa   0x08005aaa   0x0000002a   Code   RO         1506    i.mdReadU16         mdregpool.o
    0x08005ad4   0x08005ad4   0x00000032   Code   RO         1507    i.mdReadU16s        mdregpool.o
    0x08005b06   0x08005b06   0x0000001e   Code   RO         1670    i.mdU16Swap         mdrtuslave.o
    0x08005b24   0x08005b24   0x0000008c   Code   RO         1508    i.mdWriteBit        mdregpool.o
    0x08005bb0   0x08005bb0   0x00000030   Code   RO         1509    i.mdWriteBits       mdregpool.o
    0x08005be0   0x08005be0   0x00000016   Code   RO         1510    i.mdWriteCoil       mdregpool.o
    0x08005bf6   0x08005bf6   0x00000038   Code   RO         1511    i.mdWriteCoils      mdregpool.o
    0x08005c2e   0x08005c2e   0x0000001a   Code   RO         1512    i.mdWriteHoldRegister  mdregpool.o
    0x08005c48   0x08005c48   0x00000022   Code   RO         1513    i.mdWriteHoldRegisters  mdregpool.o
    0x08005c6a   0x08005c6a   0x0000001a   Code   RO         1514    i.mdWriteInputCoil  mdregpool.o
    0x08005c84   0x08005c84   0x0000003e   Code   RO         1515    i.mdWriteInputCoils  mdregpool.o
    0x08005cc2   0x08005cc2   0x0000001a   Code   RO         1516    i.mdWriteInputRegister  mdregpool.o
    0x08005cdc   0x08005cdc   0x00000022   Code   RO         1517    i.mdWriteInputRegisters  mdregpool.o
    0x08005cfe   0x08005cfe   0x00000044   Code   RO         1518    i.mdWriteU16        mdregpool.o
    0x08005d42   0x08005d42   0x00000030   Code   RO         1519    i.mdWriteU16s       mdregpool.o
    0x08005d72   0x08005d72   0x00000018   Code   RO         5724    i.osDelay           cmsis_os.o
    0x08005d8a   0x08005d8a   0x0000000a   Code   RO         5727    i.osKernelStart     cmsis_os.o
    0x08005d94   0x08005d94   0x0000001a   Code   RO         5742    i.osMutexCreate     cmsis_os.o
    0x08005dae   0x08005dae   0x00000006   Code   RO         5751    i.osRecursiveMutexRelease  cmsis_os.o
    0x08005db4   0x08005db4   0x00000006   Code   RO         5752    i.osRecursiveMutexWait  cmsis_os.o
    0x08005dba   0x08005dba   0x0000004a   Code   RO         5753    i.osSemaphoreCreate  cmsis_os.o
    0x08005e04   0x08005e04   0x00000050   Code   RO         5756    i.osSemaphoreRelease  cmsis_os.o
    0x08005e54   0x08005e54   0x00000068   Code   RO         5757    i.osSemaphoreWait   cmsis_os.o
    0x08005ebc   0x08005ebc   0x0000005e   Code   RO         5761    i.osThreadCreate    cmsis_os.o
    0x08005f1a   0x08005f1a   0x00000002   PAD
    0x08005f1c   0x08005f1c   0x0000004c   Code   RO         5772    i.osTimerCreate     cmsis_os.o
    0x08005f68   0x08005f68   0x00000068   Code   RO         5774    i.osTimerStart      cmsis_os.o
    0x08005fd0   0x08005fd0   0x00000028   Code   RO         1671    i.popchar           mdrtuslave.o
    0x08005ff8   0x08005ff8   0x00000014   Code   RO         1672    i.portRtuPushChar   mdrtuslave.o
    0x0800600c   0x0800600c   0x0000001e   Code   RO         1673    i.portRtuPushString  mdrtuslave.o
    0x0800602a   0x0800602a   0x0000001c   Code   RO         1674    i.portRtuTimerTick  mdrtuslave.o
    0x08006046   0x08006046   0x00000002   PAD
    0x08006048   0x08006048   0x00000098   Code   RO         5271    i.prvAddCurrentTaskToDelayedList  tasks.o
    0x080060e0   0x080060e0   0x000000b4   Code   RO         5272    i.prvAddNewTaskToReadyList  tasks.o
    0x08006194   0x08006194   0x00000074   Code   RO         5581    i.prvCheckForValidListAndQueue  timers.o
    0x08006208   0x08006208   0x00000048   Code   RO         5273    i.prvCheckTasksWaitingTermination  tasks.o
    0x08006250   0x08006250   0x0000002a   Code   RO         4952    i.prvCopyDataFromQueue  queue.o
    0x0800627a   0x0800627a   0x0000007c   Code   RO         4953    i.prvCopyDataToQueue  queue.o
    0x080062f6   0x080062f6   0x00000050   Code   RO         5274    i.prvDeleteTCB      tasks.o
    0x08006346   0x08006346   0x00000014   Code   RO         4954    i.prvGetDisinheritPriorityAfterTimeout  queue.o
    0x0800635a   0x0800635a   0x00000002   PAD
    0x0800635c   0x0800635c   0x00000028   Code   RO         5582    i.prvGetNextExpireTime  timers.o
    0x08006384   0x08006384   0x0000007c   Code   RO         6089    i.prvHeapInit       heap_4.o
    0x08006400   0x08006400   0x00000028   Code   RO         5275    i.prvIdleTask       tasks.o
    0x08006428   0x08006428   0x0000001c   Code   RO         4955    i.prvInitialiseMutex  queue.o
    0x08006444   0x08006444   0x00000026   Code   RO         4956    i.prvInitialiseNewQueue  queue.o
    0x0800646a   0x0800646a   0x000000b4   Code   RO         5276    i.prvInitialiseNewTask  tasks.o
    0x0800651e   0x0800651e   0x0000004e   Code   RO         5583    i.prvInitialiseNewTimer  timers.o
    0x0800656c   0x0800656c   0x00000068   Code   RO         5277    i.prvInitialiseTaskLists  tasks.o
    0x080065d4   0x080065d4   0x00000068   Code   RO         6090    i.prvInsertBlockIntoFreeList  heap_4.o
    0x0800663c   0x0800663c   0x00000058   Code   RO         5584    i.prvInsertTimerInActiveList  timers.o
    0x08006694   0x08006694   0x0000001a   Code   RO         4957    i.prvIsQueueEmpty   queue.o
    0x080066ae   0x080066ae   0x0000001e   Code   RO         4958    i.prvIsQueueFull    queue.o
    0x080066cc   0x080066cc   0x00000064   Code   RO         5585    i.prvProcessExpiredTimer  timers.o
    0x08006730   0x08006730   0x000000fc   Code   RO         5586    i.prvProcessReceivedCommands  timers.o
    0x0800682c   0x0800682c   0x00000074   Code   RO         5587    i.prvProcessTimerOrBlockTask  timers.o
    0x080068a0   0x080068a0   0x00000034   Code   RO         5278    i.prvResetNextTaskUnblockTime  tasks.o
    0x080068d4   0x080068d4   0x0000002c   Code   RO         5588    i.prvSampleTimeNow  timers.o
    0x08006900   0x08006900   0x000000a0   Code   RO         5589    i.prvSwitchTimerLists  timers.o
    0x080069a0   0x080069a0   0x00000040   Code   RO         6140    i.prvTaskExitError  port.o
    0x080069e0   0x080069e0   0x0000001a   Code   RO         5590    i.prvTimerTask      timers.o
    0x080069fa   0x080069fa   0x0000007e   Code   RO         4959    i.prvUnlockQueue    queue.o
    0x08006a78   0x08006a78   0x0000013c   Code   RO         6091    i.pvPortMalloc      heap_4.o
    0x08006bb4   0x08006bb4   0x00000020   Code   RO         5280    i.pvTaskIncrementMutexHeldCount  tasks.o
    0x08006bd4   0x08006bd4   0x00000024   Code   RO         6141    i.pxPortInitialiseStack  port.o
    0x08006bf8   0x08006bf8   0x00000028   Code   RO          782    i.shellAdd          shell.o
    0x08006c20   0x08006c20   0x0000000e   Code   RO          783    i.shellBackspace    shell.o
    0x08006c2e   0x08006c2e   0x00000002   PAD
    0x08006c30   0x08006c30   0x00000044   Code   RO          784    i.shellCheckPassword  shell.o
    0x08006c74   0x08006c74   0x00000036   Code   RO          785    i.shellCheckPermission  shell.o
    0x08006caa   0x08006caa   0x00000002   PAD
    0x08006cac   0x08006cac   0x0000001c   Code   RO          786    i.shellClear        shell.o
    0x08006cc8   0x08006cc8   0x00000028   Code   RO          787    i.shellClearCommandLine  shell.o
    0x08006cf0   0x08006cf0   0x00000012   Code   RO          788    i.shellCmds         shell.o
    0x08006d02   0x08006d02   0x00000010   Code   RO          789    i.shellDelete       shell.o
    0x08006d12   0x08006d12   0x000000da   Code   RO          790    i.shellDeleteByte   shell.o
    0x08006dec   0x08006dec   0x00000020   Code   RO          791    i.shellDeleteCommandLine  shell.o
    0x08006e0c   0x08006e0c   0x00000010   Code   RO          792    i.shellDown         shell.o
    0x08006e1c   0x08006e1c   0x00000014   Code   RO          793    i.shellEnter        shell.o
    0x08006e30   0x08006e30   0x00000074   Code   RO          794    i.shellExec         shell.o
    0x08006ea4   0x08006ea4   0x00000054   Code   RO          795    i.shellExecute      shell.o
    0x08006ef8   0x08006ef8   0x00000058   Code   RO         1189    i.shellExtNumType   shell_ext.o
    0x08006f50   0x08006f50   0x00000046   Code   RO         1190    i.shellExtParseChar  shell_ext.o
    0x08006f96   0x08006f96   0x000000e8   Code   RO         1191    i.shellExtParseNumber  shell_ext.o
    0x0800707e   0x0800707e   0x00000056   Code   RO         1192    i.shellExtParsePara  shell_ext.o
    0x080070d4   0x080070d4   0x0000004a   Code   RO         1193    i.shellExtParseString  shell_ext.o
    0x0800711e   0x0800711e   0x00000024   Code   RO         1194    i.shellExtParseVar  shell_ext.o
    0x08007142   0x08007142   0x000000ca   Code   RO         1195    i.shellExtRun       shell_ext.o
    0x0800720c   0x0800720c   0x00000036   Code   RO         1196    i.shellExtToNum     shell_ext.o
    0x08007242   0x08007242   0x00000030   Code   RO          796    i.shellGetCommandDesc  shell.o
    0x08007272   0x08007272   0x00000002   PAD
    0x08007274   0x08007274   0x00000050   Code   RO          797    i.shellGetCommandName  shell.o
    0x080072c4   0x080072c4   0x00000034   Code   RO          798    i.shellGetCurrent   shell.o
    0x080072f8   0x080072f8   0x00000054   Code   RO          799    i.shellGetVarValue  shell.o
    0x0800734c   0x0800734c   0x00000108   Code   RO          800    i.shellHandler      shell.o
    0x08007454   0x08007454   0x0000002c   Code   RO          801    i.shellHelp         shell.o
    0x08007480   0x08007480   0x000000c2   Code   RO          802    i.shellHistory      shell.o
    0x08007542   0x08007542   0x0000007a   Code   RO          803    i.shellHistoryAdd   shell.o
    0x080075bc   0x080075bc   0x0000009c   Code   RO          804    i.shellInit         shell.o
    0x08007658   0x08007658   0x000000d8   Code   RO          805    i.shellInsertByte   shell.o
    0x08007730   0x08007730   0x00000012   Code   RO          806    i.shellKeys         shell.o
    0x08007742   0x08007742   0x0000001a   Code   RO          807    i.shellLeft         shell.o
    0x0800775c   0x0800775c   0x00000012   Code   RO          808    i.shellListAll      shell.o
    0x0800776e   0x0800776e   0x00000002   PAD
    0x08007770   0x08007770   0x0000004c   Code   RO          809    i.shellListCommand  shell.o
    0x080077bc   0x080077bc   0x000000fc   Code   RO          810    i.shellListItem     shell.o
    0x080078b8   0x080078b8   0x00000058   Code   RO          811    i.shellListKey      shell.o
    0x08007910   0x08007910   0x00000058   Code   RO          812    i.shellListUser     shell.o
    0x08007968   0x08007968   0x00000058   Code   RO          813    i.shellListVar      shell.o
    0x080079c0   0x080079c0   0x0000001c   Code   RO          814    i.shellNormalInput  shell.o
    0x080079dc   0x080079dc   0x0000008e   Code   RO          815    i.shellParserParam  shell.o
    0x08007a6a   0x08007a6a   0x00000032   Code   RO          816    i.shellPrint        shell.o
    0x08007a9c   0x08007a9c   0x00000068   Code   RO          817    i.shellRemoveParamQuotes  shell.o
    0x08007b04   0x08007b04   0x0000001e   Code   RO          818    i.shellRight        shell.o
    0x08007b22   0x08007b22   0x000000ae   Code   RO          820    i.shellRunCommand   shell.o
    0x08007bd0   0x08007bd0   0x0000007a   Code   RO          821    i.shellSeekCommand  shell.o
    0x08007c4a   0x08007c4a   0x00000002   PAD
    0x08007c4c   0x08007c4c   0x0000005c   Code   RO          822    i.shellSetUser      shell.o
    0x08007ca8   0x08007ca8   0x00000070   Code   RO          823    i.shellSetVar       shell.o
    0x08007d18   0x08007d18   0x00000090   Code   RO          824    i.shellSetVarValue  shell.o
    0x08007da8   0x08007da8   0x000000c0   Code   RO          825    i.shellShowVar      shell.o
    0x08007e68   0x08007e68   0x0000002c   Code   RO          826    i.shellStringCompare  shell.o
    0x08007e94   0x08007e94   0x00000018   Code   RO          827    i.shellStringCopy   shell.o
    0x08007eac   0x08007eac   0x00000160   Code   RO          828    i.shellTab          shell.o
    0x0800800c   0x0800800c   0x0000002a   Code   RO          829    i.shellTask         shell.o
    0x08008036   0x08008036   0x00000056   Code   RO          830    i.shellToDec        shell.o
    0x0800808c   0x0800808c   0x00000038   Code   RO          831    i.shellToHex        shell.o
    0x080080c4   0x080080c4   0x0000000e   Code   RO          832    i.shellUp           shell.o
    0x080080d2   0x080080d2   0x00000012   Code   RO          833    i.shellUsers        shell.o
    0x080080e4   0x080080e4   0x00000012   Code   RO          834    i.shellVars         shell.o
    0x080080f6   0x080080f6   0x0000000e   Code   RO          835    i.shellWriteByte    shell.o
    0x08008104   0x08008104   0x0000005c   Code   RO          836    i.shellWriteCommandDesc  shell.o
    0x08008160   0x08008160   0x0000006c   Code   RO          837    i.shellWriteCommandHelp  shell.o
    0x080081cc   0x080081cc   0x00000068   Code   RO          839    i.shellWritePrompt  shell.o
    0x08008234   0x08008234   0x0000008c   Code   RO          840    i.shellWriteReturnValue  shell.o
    0x080082c0   0x080082c0   0x0000002e   Code   RO          841    i.shellWriteString  shell.o
    0x080082ee   0x080082ee   0x00000002   PAD
    0x080082f0   0x080082f0   0x00000018   Code   RO         1243    i.userShellLock     shell_port.o
    0x08008308   0x08008308   0x00000014   Code   RO         1244    i.userShellUnlock   shell_port.o
    0x0800831c   0x0800831c   0x00000028   Code   RO         4912    i.uxListRemove      list.o
    0x08008344   0x08008344   0x00000018   Code   RO          376    i.vApplicationGetIdleTaskMemory  freertos.o
    0x0800835c   0x0800835c   0x00000018   Code   RO          377    i.vApplicationGetTimerTaskMemory  freertos.o
    0x08008374   0x08008374   0x00000030   Code   RO          378    i.vApplicationStackOverflowHook  freertos.o
    0x080083a4   0x080083a4   0x0000001a   Code   RO         4913    i.vListInitialise   list.o
    0x080083be   0x080083be   0x00000006   Code   RO         4914    i.vListInitialiseItem  list.o
    0x080083c4   0x080083c4   0x00000034   Code   RO         4915    i.vListInsert       list.o
    0x080083f8   0x080083f8   0x00000018   Code   RO         4916    i.vListInsertEnd    list.o
    0x08008410   0x08008410   0x00000054   Code   RO         6143    i.vPortEnterCritical  port.o
    0x08008464   0x08008464   0x0000003c   Code   RO         6144    i.vPortExitCritical  port.o
    0x080084a0   0x080084a0   0x00000094   Code   RO         6092    i.vPortFree         heap_4.o
    0x08008534   0x08008534   0x00000028   Code   RO         6145    i.vPortSetupTimerInterrupt  port.o
    0x0800855c   0x0800855c   0x00000078   Code   RO         6146    i.vPortValidateInterruptPriority  port.o
    0x080085d4   0x080085d4   0x0000002c   Code   RO         4963    i.vQueueAddToRegistry  queue.o
    0x08008600   0x08008600   0x0000004a   Code   RO         4966    i.vQueueWaitForMessageRestricted  queue.o
    0x0800864a   0x0800864a   0x00000002   PAD
    0x0800864c   0x0800864c   0x0000005c   Code   RO         5286    i.vTaskDelay        tasks.o
    0x080086a8   0x080086a8   0x00000018   Code   RO         5289    i.vTaskInternalSetTimeOutState  tasks.o
    0x080086c0   0x080086c0   0x0000000c   Code   RO         5290    i.vTaskMissedYield  tasks.o
    0x080086cc   0x080086cc   0x00000038   Code   RO         5292    i.vTaskPlaceOnEventList  tasks.o
    0x08008704   0x08008704   0x00000040   Code   RO         5293    i.vTaskPlaceOnEventListRestricted  tasks.o
    0x08008744   0x08008744   0x000000f4   Code   RO         5295    i.vTaskPriorityDisinheritAfterTimeout  tasks.o
    0x08008838   0x08008838   0x000000b8   Code   RO         5300    i.vTaskStartScheduler  tasks.o
    0x080088f0   0x080088f0   0x00000010   Code   RO         5302    i.vTaskSuspendAll   tasks.o
    0x08008900   0x08008900   0x000000c4   Code   RO         5303    i.vTaskSwitchContext  tasks.o
    0x080089c4   0x080089c4   0x000000f8   Code   RO         6147    i.xPortStartScheduler  port.o
    0x08008abc   0x08008abc   0x00000022   Code   RO         4967    i.xQueueCreateMutex  queue.o
    0x08008ade   0x08008ade   0x0000002a   Code   RO         4968    i.xQueueCreateMutexStatic  queue.o
    0x08008b08   0x08008b08   0x0000005e   Code   RO         4969    i.xQueueGenericCreate  queue.o
    0x08008b66   0x08008b66   0x000000de   Code   RO         4970    i.xQueueGenericCreateStatic  queue.o
    0x08008c44   0x08008c44   0x00000098   Code   RO         4971    i.xQueueGenericReset  queue.o
    0x08008cdc   0x08008cdc   0x000001a8   Code   RO         4972    i.xQueueGenericSend  queue.o
    0x08008e84   0x08008e84   0x000000f8   Code   RO         4973    i.xQueueGenericSendFromISR  queue.o
    0x08008f7c   0x08008f7c   0x000000e0   Code   RO         4974    i.xQueueGiveFromISR  queue.o
    0x0800905c   0x0800905c   0x00000168   Code   RO         4979    i.xQueueReceive     queue.o
    0x080091c4   0x080091c4   0x000000ca   Code   RO         4980    i.xQueueReceiveFromISR  queue.o
    0x0800928e   0x0800928e   0x00000002   PAD
    0x08009290   0x08009290   0x000001b8   Code   RO         4981    i.xQueueSemaphoreTake  queue.o
    0x08009448   0x08009448   0x0000008c   Code   RO         5304    i.xTaskCheckForTimeOut  tasks.o
    0x080094d4   0x080094d4   0x00000064   Code   RO         5305    i.xTaskCreate       tasks.o
    0x08009538   0x08009538   0x000000b8   Code   RO         5306    i.xTaskCreateStatic  tasks.o
    0x080095f0   0x080095f0   0x00000020   Code   RO         5310    i.xTaskGetSchedulerState  tasks.o
    0x08009610   0x08009610   0x0000000c   Code   RO         5311    i.xTaskGetTickCount  tasks.o
    0x0800961c   0x0800961c   0x00000148   Code   RO         5313    i.xTaskIncrementTick  tasks.o
    0x08009764   0x08009764   0x000000c8   Code   RO         5316    i.xTaskPriorityDisinherit  tasks.o
    0x0800982c   0x0800982c   0x000000c8   Code   RO         5317    i.xTaskPriorityInherit  tasks.o
    0x080098f4   0x080098f4   0x00000098   Code   RO         5318    i.xTaskRemoveFromEventList  tasks.o
    0x0800998c   0x0800998c   0x00000104   Code   RO         5319    i.xTaskResumeAll    tasks.o
    0x08009a90   0x08009a90   0x00000036   Code   RO         5593    i.xTimerCreate      timers.o
    0x08009ac6   0x08009ac6   0x00000070   Code   RO         5594    i.xTimerCreateStatic  timers.o
    0x08009b36   0x08009b36   0x00000002   PAD
    0x08009b38   0x08009b38   0x00000078   Code   RO         5595    i.xTimerCreateTimerTask  timers.o
    0x08009bb0   0x08009bb0   0x00000084   Code   RO         5596    i.xTimerGenericCommand  timers.o
    0x08009c34   0x08009c34   0x0000002c   Code   RO         6614    locale$$code        c_w.l(lc_numeric_c.o)
    0x08009c60   0x08009c60   0x0000002c   Code   RO         6648    locale$$code        c_w.l(lc_ctype_c.o)
    0x08009c8c   0x08009c8c   0x000002b0   Code   RO         6300    x$fpl$ddiv          fz_ws.l(ddiv.o)
    0x08009f3c   0x08009f3c   0x0000005e   Code   RO         6303    x$fpl$dfix          fz_ws.l(dfix.o)
    0x08009f9a   0x08009f9a   0x00000002   PAD
    0x08009f9c   0x08009f9c   0x0000005a   Code   RO         6307    x$fpl$dfixu         fz_ws.l(dfixu.o)
    0x08009ff6   0x08009ff6   0x00000026   Code   RO         6311    x$fpl$dfltu         fz_ws.l(dflt_clz.o)
    0x0800a01c   0x0800a01c   0x0000009c   Code   RO         6452    x$fpl$dnaninf       fz_ws.l(dnaninf.o)
    0x0800a0b8   0x0800a0b8   0x0000000c   Code   RO         6454    x$fpl$dretinf       fz_ws.l(dretinf.o)
    0x0800a0c4   0x0800a0c4   0x00000184   Code   RO         6318    x$fpl$fdiv          fz_ws.l(fdiv.o)
    0x0800a248   0x0800a248   0x00000030   Code   RO         6322    x$fpl$fflt          fz_ws.l(fflt_clz.o)
    0x0800a278   0x0800a278   0x00000026   Code   RO         6321    x$fpl$ffltu         fz_ws.l(fflt_clz.o)
    0x0800a29e   0x0800a29e   0x00000002   PAD
    0x0800a2a0   0x0800a2a0   0x00000102   Code   RO         6327    x$fpl$fmul          fz_ws.l(fmul.o)
    0x0800a3a2   0x0800a3a2   0x0000008c   Code   RO         6456    x$fpl$fnaninf       fz_ws.l(fnaninf.o)
    0x0800a42e   0x0800a42e   0x0000000a   Code   RO         6458    x$fpl$fretinf       fz_ws.l(fretinf.o)
    0x0800a438   0x0800a438   0x00000004   Code   RO         6460    x$fpl$printf1       fz_ws.l(printf1.o)
    0x0800a43c   0x0800a43c   0x00000004   Code   RO         6462    x$fpl$printf2       fz_ws.l(printf2.o)
    0x0800a440   0x0800a440   0x00000000   Code   RO         6468    x$fpl$usenofp       fz_ws.l(usenofp.o)
    0x0800a440   0x0800a440   0x00000078   Data   RO          380    .constdata          freertos.o
    0x0800a4b8   0x0800a4b8   0x00000110   Data   RO          843    .constdata          shell.o
    0x0800a5c8   0x0800a5c8   0x00000200   Data   RO         1435    .constdata          mdcrc16.o
    0x0800a7c8   0x0800a7c8   0x00000018   Data   RO         4782    .constdata          system_stm32f1xx.o
    0x0800a7e0   0x0800a7e0   0x00000008   Data   RO         6378    .constdata          c_w.l(_printf_wctomb.o)
    0x0800a7e8   0x0800a7e8   0x00000028   Data   RO         6407    .constdata          c_w.l(_printf_hex_int_ll_ptr.o)
    0x0800a810   0x0800a810   0x00000011   Data   RO         6427    .constdata          c_w.l(__printf_flags_ss_wp.o)
    0x0800a821   0x0800a821   0x00000026   Data   RO         6504    .constdata          c_w.l(_printf_fp_hex.o)
    0x0800a847   0x0800a847   0x00000001   PAD
    0x0800a848   0x0800a848   0x00000094   Data   RO         6589    .constdata          c_w.l(bigflt0.o)
    0x0800a8dc   0x0800a8dc   0x0000001e   Data   RO          381    .conststring        freertos.o
    0x0800a8fa   0x0800a8fa   0x00000002   PAD
    0x0800a8fc   0x0800a8fc   0x000002b9   Data   RO          844    .conststring        shell.o
    0x0800abb5   0x0800abb5   0x00000003   PAD
    0x0800abb8   0x0800abb8   0x00000020   Data   RO         6704    Region$$Table       anon$$obj.o
    0x0800abd8   0x0800abd8   0x0000001c   Data   RO         6613    locale$$data        c_w.l(lc_numeric_c.o)
    0x0800abf4   0x0800abf4   0x00000110   Data   RO         6647    locale$$data        c_w.l(lc_ctype_c.o)
    0x0800ad04   0x0800ad04   0x00000130   Data   RO          846    shellCommand        shell.o


    Execution Region RW_IRAM1 (Exec base: 0x20000000, Load base: 0x0800ae34, Size: 0x000034b0, Max: 0x00005000, ABSOLUTE)

    Exec Addr    Load Addr    Size         Type   Attr      Idx    E Section Name        Object

    0x20000000   0x0800ae34   0x00000024   Data   RW          382    .data               freertos.o
    0x20000024   0x0800ae58   0x00000058   Data   RW          845    .data               shell.o
    0x2000007c   0x0800aeb0   0x00000010   Data   RW         1520    .data               mdregpool.o
    0x2000008c   0x0800aec0   0x00000004   Data   RW         1675    .data               mdrtuslave.o
    0x20000090   0x0800aec4   0x00000009   Data   RW         2126    .data               stm32f1xx_hal.o
    0x20000099   0x0800aecd   0x00000003   PAD
    0x2000009c   0x0800aed0   0x00000004   Data   RW         4783    .data               system_stm32f1xx.o
    0x200000a0   0x0800aed4   0x0000003c   Data   RW         5322    .data               tasks.o
    0x200000dc   0x0800af10   0x00000014   Data   RW         5602    .data               timers.o
    0x200000f0   0x0800af24   0x00000018   Data   RW         6097    .data               heap_4.o
    0x20000108   0x0800af3c   0x0000000c   Data   RW         6148    .data               port.o
    0x20000114        -       0x000003a8   Zero   RW          379    .bss                freertos.o
    0x200004bc        -       0x000000b4   Zero   RW          460    .bss                adc.o
    0x20000570        -       0x00000058   Zero   RW          531    .bss                spi.o
    0x200005c8        -       0x00000110   Zero   RW          575    .bss                usart.o
    0x200006d8        -       0x00000048   Zero   RW          746    .bss                stm32f1xx_hal_timebase_tim.o
    0x20000720        -       0x0000001d   Zero   RW          842    .bss                shell.o
    0x2000073d   0x0800af48   0x00000003   PAD
    0x20000740        -       0x000000f4   Zero   RW         1245    .bss                shell_port.o
    0x20000834        -       0x00000040   Zero   RW         4982    .bss                queue.o
    0x20000874        -       0x000000f0   Zero   RW         5321    .bss                tasks.o
    0x20000964        -       0x000000e8   Zero   RW         5601    .bss                timers.o
    0x20000a4c        -       0x00002000   Zero   RW         6096    .bss                heap_4.o
    0x20002a4c        -       0x00000060   Zero   RW         6470    .bss                c_w.l(libspace.o)
    0x20002aac   0x0800af48   0x00000004   PAD
    0x20002ab0        -       0x00000200   Zero   RW            2    HEAP                startup_stm32f103xb.o
    0x20002cb0        -       0x00000800   Zero   RW            1    STACK               startup_stm32f103xb.o


==============================================================================

Image component sizes


      Code (inc. data)   RO Data    RW Data    ZI Data      Debug   Object Name

       292         30          0          0        180       1826   adc.o
       634         16          0          0          0      31906   cmsis_os.o
        84          4          0          0          0        750   dma.o
         0          0          0          0          0      16648   event_groups.o
       478        126        150         36        936       6338   freertos.o
       288         14          0          0          0       1011   gpio.o
       692         62          0         24       8192       4647   heap_4.o
        92         10          0          0          0     455100   io_signal.o
         0          0          0          0          0      30760   l101.o
       148          0          0          0          0       3394   list.o
       234         16          0          0          0       2568   main.o
        56         10        512          0          0       1782   mdcrc16.o
        56          0          0          0          0       3383   mdrecbuffer.o
      1734        118          0         16          0      21727   mdregpool.o
      2226         80          0          4          0      14530   mdrtuslave.o
       854         78          0         12          0      11213   port.o
      2994         26          0          0         64      22149   queue.o
      5026        242       1273         88         29      46305   shell.o
       842          8          0          0          0       6198   shell_ext.o
       164         42          0          0        244      36237   shell_port.o
       188         20          0          0         88       1609   spi.o
        64         26        236          0       2560        808   startup_stm32f103xb.o
        76         20          0          9          0       4618   stm32f1xx_hal.o
      1428         56          0          0          0       8302   stm32f1xx_hal_adc.o
       252         22          0          0          0      28646   stm32f1xx_hal_cortex.o
       978         12          0          0          0       4838   stm32f1xx_hal_dma.o
       812         34          0          0          0       2664   stm32f1xx_hal_gpio.o
        96         10          0          0          0        890   stm32f1xx_hal_msp.o
      1852        120          0          0          0       6597   stm32f1xx_hal_rcc.o
       304         14          0          0          0       1396   stm32f1xx_hal_rcc_ex.o
       190          0          0          0          0       1119   stm32f1xx_hal_spi.o
       754         26          0          0          0       6078   stm32f1xx_hal_tim.o
         4          0          0          0          0       1505   stm32f1xx_hal_tim_ex.o
       136         18          0          0         72       1447   stm32f1xx_hal_timebase_tim.o
      2714         38          0          0          0      18990   stm32f1xx_hal_uart.o
       206         42          0          0          0       5655   stm32f1xx_it.o
         2          0         24          4          0       1107   system_stm32f1xx.o
      3388        382          0         60        240      26127   tasks.o
      1438        126          0         20        232      29819   timers.o
       544         56          0          0        272       3137   usart.o

    ----------------------------------------------------------------------
     32364       1904       2232        276      13112     873824   Object Totals
         0          0         32          0          0          0   (incl. Generated)
        44          0          5          3          3          0   (incl. Padding)

    ----------------------------------------------------------------------

      Code (inc. data)   RO Data    RW Data    ZI Data      Debug   Library Member Name

         8          0          0          0          0         68   __main.o
       392          4         17          0          0         92   __printf_flags_ss_wp.o
        14          0          0          0          0         68   __printf_wp.o
         0          0          0          0          0          0   __rtentry.o
        12          0          0          0          0          0   __rtentry2.o
         6          0          0          0          0          0   __rtentry4.o
        52          8          0          0          0          0   __scatter.o
        26          0          0          0          0          0   __scatter_copy.o
        28          0          0          0          0          0   __scatter_zi.o
         6          0          0          0          0          0   _printf_a.o
         6          0          0          0          0          0   _printf_c.o
        44          0          0          0          0        108   _printf_char.o
        48          6          0          0          0         96   _printf_char_common.o
        40          0          0          0          0         68   _printf_charcount.o
         6          0          0          0          0          0   _printf_d.o
       120         16          0          0          0         92   _printf_dec.o
         6          0          0          0          0          0   _printf_e.o
         6          0          0          0          0          0   _printf_f.o
      1054          0          0          0          0        216   _printf_fp_dec.o
       764          8         38          0          0        100   _printf_fp_hex.o
       128         16          0          0          0         84   _printf_fp_infnan.o
         6          0          0          0          0          0   _printf_g.o
       148          4         40          0          0        160   _printf_hex_int_ll_ptr.o
         6          0          0          0          0          0   _printf_i.o
       178          0          0          0          0         88   _printf_intcommon.o
        10          0          0          0          0          0   _printf_l.o
         6          0          0          0          0          0   _printf_lc.o
        10          0          0          0          0          0   _printf_ll.o
         6          0          0          0          0          0   _printf_lld.o
         6          0          0          0          0          0   _printf_lli.o
         6          0          0          0          0          0   _printf_llo.o
         6          0          0          0          0          0   _printf_llu.o
         6          0          0          0          0          0   _printf_llx.o
       124         16          0          0          0         92   _printf_longlong_dec.o
         6          0          0          0          0          0   _printf_ls.o
         6          0          0          0          0          0   _printf_n.o
         6          0          0          0          0          0   _printf_o.o
       112         10          0          0          0        124   _printf_oct_int_ll.o
         6          0          0          0          0          0   _printf_p.o
        78          0          0          0          0        108   _printf_pad.o
         0          0          0          0          0          0   _printf_percent.o
         4          0          0          0          0          0   _printf_percent_end.o
         6          0          0          0          0          0   _printf_s.o
        82          0          0          0          0         80   _printf_str.o
        36          0          0          0          0         84   _printf_truncate.o
         6          0          0          0          0          0   _printf_u.o
        44          0          0          0          0        108   _printf_wchar.o
       188          6          8          0          0         92   _printf_wctomb.o
         6          0          0          0          0          0   _printf_x.o
        16          0          0          0          0         68   _snputc.o
        10          0          0          0          0         68   _sputc.o
        64          0          0          0          0         92   _wcrtomb.o
        16          0          0          0          0         68   aeabi_memset.o
       228          4        148          0          0         96   bigflt0.o
      1936        128          0          0          0        672   btod.o
        18          0          0          0          0         80   exit.o
        78          0          0          0          0         80   h1_free.o
         6          0          0          0          0        152   heapauxi.o
         0          0          0          0          0          0   indicate_semi.o
        44         10        272          0          0         76   lc_ctype_c.o
        44         10         28          0          0         76   lc_numeric_c.o
         2          0          0          0          0          0   libinit.o
        30          0          0          0          0          0   libinit2.o
         2          0          0          0          0          0   libshutdown.o
         2          0          0          0          0          0   libshutdown2.o
         8          4          0          0         96         68   libspace.o
       138          0          0          0          0         80   lludiv10.o
        16          4          0          0          0         76   rt_ctype_table.o
         8          4          0          0          0         68   rt_heap_descriptor_intlibspace.o
         8          4          0          0          0         68   rt_locale_intlibspace.o
        68          0          0          0          0         68   rt_memclr.o
        78          0          0          0          0         80   rt_memclr_w.o
       138          0          0          0          0         68   rt_memcpy_v6.o
       100          0          0          0          0         80   rt_memcpy_w.o
         2          0          0          0          0          0   rtexit.o
        10          0          0          0          0          0   rtexit2.o
       128          0          0          0          0         68   strcmpv7m.o
        62          0          0          0          0         76   strlen.o
       150          0          0          0          0         80   strncmp.o
        12          4          0          0          0         68   sys_exit.o
        74          0          0          0          0         80   sys_stackheap_outer.o
         2          0          0          0          0         68   use_no_semi.o
        52          4          0          0          0         80   vsnprintf.o
       688        140          0          0          0        208   ddiv.o
        94          4          0          0          0         92   dfix.o
        90          4          0          0          0         92   dfixu.o
        38          0          0          0          0         68   dflt_clz.o
       156          4          0          0          0         92   dnaninf.o
        12          0          0          0          0         68   dretinf.o
       388         76          0          0          0         96   fdiv.o
        86          0          0          0          0        136   fflt_clz.o
       258          4          0          0          0         84   fmul.o
       140          4          0          0          0         84   fnaninf.o
        10          0          0          0          0         68   fretinf.o
         4          0          0          0          0         68   printf1.o
         4          0          0          0          0         68   printf2.o
         0          0          0          0          0          0   usenofp.o
        40          0          0          0          0         68   fpclassify.o

    ----------------------------------------------------------------------
      9448        506        552          0        100       5924   Library Totals
        20          0          1          0          4          0   (incl. Padding)

    ----------------------------------------------------------------------

      Code (inc. data)   RO Data    RW Data    ZI Data      Debug   Library Name

      7420        270        551          0         96       4632   c_w.l
      1968        236          0          0          0       1224   fz_ws.l
        40          0          0          0          0         68   m_ws.l

    ----------------------------------------------------------------------
      9448        506        552          0        100       5924   Library Totals

    ----------------------------------------------------------------------

==============================================================================


      Code (inc. data)   RO Data    RW Data    ZI Data      Debug   

     41812       2410       2784        276      13212     859672   Grand Totals
     41812       2410       2784        276      13212     859672   ELF Image Totals
     41812       2410       2784        276          0          0   ROM Totals

==============================================================================

    Total RO  Size (Code + RO Data)                44596 (  43.55kB)
    Total RW  Size (RW Data + ZI Data)             13488 (  13.17kB)
    Total ROM Size (Code + RO Data + RW Data)      44872 (  43.82kB)

==============================================================================

